// Jest Snapshot v1, https://goo.gl/fbAQLP

exports[`OE - Search renders correctly 1`] = `
<jest>
  <header
    class="bcl-header bcl-header--eu"
  >
    <!-- navbar_settings -->
    <nav
      class="w-100 shadow-sm navbar navbar-expand-lg navbar-light"
    >
      <div
        class="container"
      >
        <a
          class="navbar-brand"
          href=""
        >
          <img
            class="d-none d-lg-block"
            src="https://cdn1.fpfis.tech.ec.europa.eu/ecl/v3.0.2/eu/images/logo/standard-version/positive/logo-eu--en.svg"
          />
          <img
            class="d-lg-none"
            src="https://cdn1.fpfis.tech.ec.europa.eu/ecl/v3.0.2/eu/images/logo/condensed-version/positive/logo-eu--en.svg"
          />
        </a>
        <ul
          class="nav"
        >
          <li
            class="nav-item"
          >
            <a
              class="d-none d-lg-block nav-link"
              href="#"
            >
              <svg
                class="me-2-5 bi icon--s"
              >
                <use
                  xlink:href="/icons.svg#link"
                />
              </svg>
              Link
            </a>
          </li>
          <li
            class="nav-item"
          >
            <a
              class="d-none d-lg-block nav-link"
              href="#"
            >
              <svg
                class="me-2-5 bi icon--s"
              >
                <use
                  xlink:href="/icons.svg#link"
                />
              </svg>
              Link
            </a>
          </li>
          <li
            class="nav-item"
          >
            <a
              class="text-center nav-link"
              data-bs-target="#languageModal"
              data-bs-toggle="modal"
              href="#"
            >
              <svg
                class="me-2-5 bi icon--xs"
              >
                <use
                  xlink:href="/icons.svg#chat-left-dots-fill"
                />
              </svg>
              <span
                class="d-block d-lg-inline-block"
              >
                English
              </span>
            </a>
          </li>
          <li
            class="nav-item"
          >
            <a
              class="text-center nav-link"
              data-bs-target="#loginModal"
              data-bs-toggle="modal"
              href="#"
            >
              <svg
                class="me-2-5 bi icon--xs"
              >
                <use
                  xlink:href="/icons.svg#person-fill"
                />
              </svg>
              <span
                class="d-block d-lg-inline-block"
              >
                Log in
              </span>
            </a>
          </li>
          <li
            class="nav-item"
          >
            <a
              class="notification mt-2 mt-lg-0 nav-link"
              href="#"
            >
              <svg
                class="bi icon--s"
              >
                <use
                  xlink:href="/icons.svg#bell-fill"
                />
              </svg>
              <span
                class="badge bg-danger"
              >
                5
              </span>
            </a>
          </li>
        </ul>
      </div>
    </nav>
    <!-- project name -->
    <div
      class="bcl-header__project"
    >
      <div
        class="container"
      >
        <img
          class="d-none d-lg-inline-block"
          src="https://inno-ecl.s3.amazonaws.com/media/examples/placeholder.svg"
        />
        <div
          class="bcl-header__site-name"
        >
          Project name
        </div>
      </div>
    </div>
    <!-- navbar -->
    <nav
      class="bcl-header__navbar navbar navbar-expand-lg navbar-dark"
    >
      <div
        class="container"
      >
        <button
          aria-controls="navbarNavDropdown"
          aria-expanded="false"
          aria-label="Toggle navigation"
          class="navbar-toggler"
          data-bs-target="#navbarNavDropdown"
          data-bs-toggle="collapse"
          type="button"
        >
          <span
            class="navbar-toggler-icon"
          />
        </button>
        <div
          class="collapse navbar-collapse"
          id="navbarNavDropdown"
        >
          <ul
            class="me-auto navbar-nav"
          >
            <li
              class="nav-item"
            >
              <a
                aria-current="page"
                class="nav-link active"
                href="/example"
              >
                Home
              </a>
            </li>
            <li
              class="nav-item"
            >
              <a
                class="nav-link"
                href="/example"
              >
                Item 01
              </a>
            </li>
            <li
              class="nav-item"
            >
              <a
                class="nav-link"
                href="/example"
              >
                Item 02
              </a>
            </li>
            <li
              class="nav-item dropdown"
            >
              <a
                aria-expanded="false"
                class="nav-link dropdown-toggle"
                data-bs-toggle="dropdown"
                href="#"
                id="navbarDropdownMenuLink"
                role="button"
              >
                Dropdown link
              </a>
              <ul
                aria-labelledby="navbarDropdownMenuLink"
                class="dropdown-menu"
              >
                <li>
                  <a
                    class="dropdown-item"
                    href="/example.html"
                  >
                    Action
                  </a>
                </li>
                <li>
                  <a
                    class="dropdown-item"
                    href="/example.html"
                  >
                    Another action
                  </a>
                </li>
                <li>
                  <a
                    class="dropdown-item"
                    href="/example.html"
                  >
                    Something else here
                  </a>
                </li>
              </ul>
            </li>
          </ul>
          <form
            class="d-flex mt-3 mt-lg-0"
          >
            <label
              class="form-label visually-hidden"
              for="inlineFormInputGroupSearch"
            >
              Search
            </label>
            <input
              class="border-start-0 rounded-0 rounded-start form-control"
              id="inlineFormInputGroupSearch"
              placeholder="Search"
              required="true"
              type="text"
            />
            <button
              class="border-start-0 rounded-0 rounded-end d-flex btn btn-light btn-md"
              type="button"
            >
              <svg
                class="bi icon--fluid"
              >
                <use
                  xlink:href="/icons.svg#search"
                />
              </svg>
            </button>
          </form>
        </div>
      </div>
    </nav>
    <!-- breadcrumbs -->
    <div
      class="container"
    >
      <nav
        aria-label="breadcrumb"
        class="mt-3"
      >
        <ol
          class="breadcrumb"
        >
          <li
            class="breadcrumb-item d-none d-md-block"
          >
            <a
              href="/example"
            >
              Home
            </a>
          </li>
          <li
            class="breadcrumb-item d-none d-md-block"
          >
            <a
              href="/example"
            >
              European Commission
            </a>
          </li>
          <li
            class="breadcrumb-item"
          >
            <a
              href="/example"
            >
              <svg
                class="d-md-none ms-0 me-2 me-2-5 bi icon--s"
              >
                <use
                  xlink:href="/icons.svg#arrow-left"
                />
              </svg>
              About the European Commission
            </a>
          </li>
          <li
            aria-current="page"
            class="breadcrumb-item d-none d-md-block active"
          >
            News
          </li>
        </ol>
      </nav>
    </div>
  </header>
  <div
    aria-hidden="true"
    aria-labelledby="loginModalLabel"
    class="modal fade"
    id="loginModal"
    tabindex="-1"
  >
    <div
      class="modal-dialog"
    >
      <div
        class="modal-content"
      >
        <div
          class="modal-header"
        >
          <h5
            class="modal-title"
            id="loginModalLabel"
          >
            Log in
          </h5>
          <button
            aria-label="Close"
            class="btn-close"
            data-bs-dismiss="modal"
            type="button"
          />
        </div>
        <div
          class="modal-body"
        >
          <h5>
            Disclaimer 1
          </h5>
          <p>
            Lorem ipsum dolor sit amet, consectetur adipiscing elit. Vestibulum accumsan eget orci eu aliquet. Suspendisse potenti. Integer volutpat, nisl et placerat tincidunt
          </p>
          <h5>
            Disclaimer 2
          </h5>
          <p>
            Duis bibendum tristique lobortis. Nam luctus nisi sit amet turpis faucibus, ut dapibus elit sollicitudin. Phasellus a massa magna. Nullam ac imperdiet leo.
          </p>
        </div>
        <div
          class="modal-footer"
        >
          <button
            class="btn btn-secondary"
            data-bs-dismiss="modal"
            type="button"
          >
            Close
          </button>
          <button
            class="btn btn-primary"
            type="button"
          >
            Access EU login
          </button>
        </div>
      </div>
    </div>
  </div>
  <div
    aria-hidden="true"
    aria-labelledby="languageModalLabel"
    class="bcl-language modal fade"
    id="languageModal"
    tabindex="-1"
  >
    <div
      class="modal-dialog modal-fullscreen"
    >
      <div
        class="modal-content"
      >
        <div
          class="modal-header"
        >
          <h5
            class="modal-title"
            id="languageeModalLabel"
          >
            Select your language
          </h5>
          <button
            aria-label="Close"
            class="btn-close"
            data-bs-dismiss="modal"
            type="button"
          />
        </div>
        <div
          class="modal-body"
        >
          <div
            class="container"
          >
            <div
              class="row"
            >
              <div
                class="col col-lg-8 offset-lg-2"
              >
                <h5
                  class="bcl-language__title"
                >
                  EU official languages
                </h5>
              </div>
            </div>
            <div
              class="row"
            >
              <div
                class="col col-lg-4 offset-lg-2"
              >
                <div
                  class="bcl-language__list"
                >
                  <a
                    class="bcl-language__item"
                    href="#"
                  >
                    Language 01
                  </a>
                  <a
                    class="bcl-language__item"
                    href="#"
                  >
                    Language 02
                  </a>
                  <a
                    class="bcl-language__item"
                    href="#"
                  >
                    Language 03
                  </a>
                </div>
              </div>
              <div
                class="col col-lg-4"
              >
                <div
                  class="bcl-language__list"
                >
                  <a
                    class="bcl-language__item"
                    href="#"
                  >
                    Language 04
                  </a>
                  <a
                    class="bcl-language__item"
                    href="#"
                  >
                    Language 05
                  </a>
                  <a
                    class="bcl-language__item"
                    href="#"
                  >
                    Language 06
                  </a>
                </div>
              </div>
            </div>
            <div
              class="row"
            >
              <div
                class="col col-lg-8 offset-lg-2"
              >
                <h5
                  class="bcl-language__title"
                >
                  Non EU languages
                </h5>
              </div>
            </div>
            <div
              class="row"
            >
              <div
                class="col col-lg-4 offset-lg-2"
              >
                <div
                  class="bcl-language__list"
                >
                  <a
                    class="bcl-language__item"
                    href="#"
                  >
                    Language 07
                  </a>
                  <a
                    class="bcl-language__item"
                    href="#"
                  >
                    Language 08
                  </a>
                </div>
              </div>
              <div
                class="col col-lg-4"
              >
                <div
                  class="bcl-language__list"
                >
                  <a
                    class="bcl-language__item"
                    href="#"
                  >
                    Language 09
                  </a>
                  <a
                    class="bcl-language__item"
                    href="#"
                  >
                    Language 10
                  </a>
                </div>
              </div>
            </div>
          </div>
        </div>
        <div
          class="modal-footer"
        >
          <button
            class="btn btn-secondary"
            data-bs-dismiss="modal"
            type="button"
          >
            Close
          </button>
        </div>
      </div>
    </div>
  </div>
  <main>
    <div
      class="container mt-md-4-75 mt-4"
    >
      <div
        class="row"
      >
        <div
          class="col-md-3"
        >
          <div
            aria-labelledby="offcanvasExampleLabel"
            class="bcl-offcanvas offcanvas-start offcanvas"
            data-bs-scroll="true"
            id="bcl-offcanvas"
            tabindex="-1"
          >
            <div
              class="offcanvas-header p-lg-0"
            >
              <h4
                class="offcanvas-title mb-lg-4"
                id="offcanvasExampleLabel"
              >
                Filter options
              </h4>
              <button
                class="btn-close text-reset d-lg-none"
                data-bs-dismiss="offcanvas"
                type="button"
              />
            </div>
            <div
              class="offcanvas-body p-lg-0"
            >
              <form
                novalidate="true"
                onsubmit="return false;"
              >
                <div
                  class="mb-3"
                >
                  <label
                    class="form-label"
                  >
                    Content types
                  </label>
                  <select
                    class="form-select"
                  >
                    <option
                      value="1"
                    >
                      a select option
                    </option>
                    <option
                      value="2"
                    >
                      another select option
                    </option>
                    <option
                      value="3"
                    >
                      another option
                    </option>
                    <option
                      value="4"
                    >
                      last option
                    </option>
                    <option
                      selected=""
                      value=""
                    >
                      the selected option
                    </option>
                  </select>
                </div>
                <div
                  class="mb-3"
                >
                  <label
                    class="form-label"
                  >
                    Filter A
                  </label>
                  <select
                    class="multi-select"
                    multiple="true"
                  >
                    <option
                      value="1"
                    >
                      a select option
                    </option>
                    <option
                      value="2"
                    >
                      another select option
                    </option>
                    <option
                      value="3"
                    >
                      another option
                    </option>
                    <option
                      value="4"
                    >
                      last option
                    </option>
                    <option
                      selected=""
                      value=""
                    >
                      the selected option
                    </option>
                  </select>
                </div>
                <fieldset
                  class="mb-3"
                >
                  <legend
                    class="col-form-label"
                  >
                    Filter B
                  </legend>
                  <div
                    class="col-sm-10"
                  >
                    <div
                      class="mb-3"
                    >
                      <div
                        class="form-check"
                      >
                        <input
                          checked="true"
                          class="form-check-input"
                          type="checkbox"
                        />
                        <label
                          class="form-check-label"
                        >
                          Checked checkbox
                        </label>
                      </div>
                    </div>
                    <div
                      class="form-check"
                    >
                      <input
                        class="form-check-input"
                        type="checkbox"
                      />
                      <label
                        class="form-check-label"
                      >
                        Default checkbox
                      </label>
                    </div>
                  </div>
                </fieldset>
                <fieldset>
                  <legend
                    class="col-form-label"
                  >
                    Creation date (from)
                  </legend>
                  <input
                    class="mb-2 form-control"
                    type="date"
                  />
                </fieldset>
                <fieldset
                  class="mb-3"
                >
                  <legend
                    class="col-form-label"
                  >
                    Creation date (to)
                  </legend>
                  <input
                    class="form-control"
                    type="date"
                  />
                </fieldset>
                <div
                  class="mt-4 d-grid gap-4 d-md-block"
                >
                  <button
                    class="me-md-3 btn btn-primary btn-md"
                    type="submit"
                  >
                    Refine
                  </button>
                  <button
                    class="btn btn-light btn-md"
                    type="submit"
                  >
                    Clear
                  </button>
                </div>
              </form>
            </div>
          </div>
        </div>
        <div
          class="col-12 col-md-9"
        >
          <button
            aria-controls="bcl-offcanvas"
            class="d-lg-none w-100 mb-4 btn btn-light btn-lg"
            data-bs-target="#bcl-offcanvas"
            data-bs-toggle="offcanvas"
            type="button"
          >
            <svg
              class="me-2 me-2-5 bi icon--fluid"
            >
              <use
                xlink:href="/icons.svg#filter"
              />
            </svg>
            Filter options
          </button>
          <div
            class="mb-3 clearfix"
          >
            <div
              class="float-end d-none d-md-flex align-items-center"
            >
              <label
                class="form-label"
              >
                Sort by
              </label>
              <select
                class="ms-2 mb-2 form-select"
              >
                <option
                  value="1"
                >
                  a select option
                </option>
                <option
                  value="2"
                >
                  another select option
                </option>
                <option
                  value="3"
                >
                  another option
                </option>
                <option
                  value="4"
                >
                  last option
                </option>
                <option
                  selected=""
                  value=""
                >
                  A-Z
                </option>
              </select>
            </div>
            <h4
              class="mb-4"
            >
              <span
                class="text-capitalize"
              >
                Search results
              </span>
              
      (6)
    
            </h4>
            <span
              class="me-2 badge bg-light text-dark"
            >
              News
              <span
                aria-hidden="true"
                class="icon--close"
              >
                <svg
                  class="bi icon--s"
                >
                  <use
                    xlink:href="/icons.svg#x"
                  />
                </svg>
              </span>
            </span>
            <span
              class="me-2 badge bg-light text-dark"
            >
              Item 01
              <span
                aria-hidden="true"
                class="icon--close"
              >
                <svg
                  class="bi icon--s"
                >
                  <use
                    xlink:href="/icons.svg#x"
                  />
                </svg>
              </span>
            </span>
            <span
              class="me-2 badge bg-light text-dark"
            >
              Item 02
              <span
                aria-hidden="true"
                class="icon--close"
              >
                <svg
                  class="bi icon--s"
                >
                  <use
                    xlink:href="/icons.svg#x"
                  />
                </svg>
              </span>
            </span>
          </div>
          <hr
            class="d-none d-md-block mb-4"
          />
          <div
            class="d-md-none"
          >
            <label
              class="form-label"
            >
              Sort by
            </label>
            <select
              class="mb-4 mb-md-0 ms-md-4 form-select"
            >
              <option
                value="1"
              >
                a select option
              </option>
              <option
                value="2"
              >
                another select option
              </option>
              <option
                value="3"
              >
                another option
              </option>
              <option
                value="4"
              >
                last option
              </option>
              <option
                selected=""
                value=""
              >
                A-Z
              </option>
            </select>
          </div>
          <div
            class="bcl-listing bcl-listing--default-1-col"
          >
            <div
              class="row row-cols-1 g-4"
            >
              <div
                class="col"
              >
                <div
                  class="listing-item border-bottom border-md-0 border-0 card"
                >
                  <div
                    class="row"
                  >
                    <div
                      class="col-md-3 col-lg-2 rounded mw-listing-img"
                    >
                      <img
                        alt="alt img"
                        class="card-img-top d-none d-md-block mb-3"
                        src="https://picsum.photos/160?random=1"
                      />
                    </div>
                    <div
                      class="col-md-9 col-lg-10"
                    >
                      <div
                        class="card-body p-0 pb-md-0 pb-3"
                      >
                        <h5
                          class="card-title"
                        >
                          <a
                            class="text-underline-hover"
                            href="/example.html"
                          >
                            Lorem ipsum dolor sit amet
                          </a>
                        </h5>
                        <p
                          class="card-text mb-2-5"
                        >
                          Lorem ipsum dolor sit amet, consectetur adipiscing elit, sed do eiusmod tempor incididunt ut labore et dolore magna aliqua.
                        </p>
                        <span
                          class="text-muted text-nowrap me-4-5"
                        >
                          8 hours ago
                        </span>
                        <span
                          class="text-muted text-nowrap"
                        >
                          1 comment
                        </span>
                        <div
                          class="mt-2-5"
                        >
                          <span
                            class="me-2 badge rounded-pill badge-outline-primary"
                          >
                            Category 1
                          </span>
                          <span
                            class="badge rounded-pill badge-outline-primary"
                          >
                            Category 2
                          </span>
                        </div>
                      </div>
                    </div>
                  </div>
                </div>
              </div>
              <div
                class="col"
              >
                <div
                  class="listing-item border-bottom border-md-0 border-0 card"
                >
                  <div
                    class="row"
                  >
                    <div
                      class="col-md-3 col-lg-2 rounded mw-listing-img"
                    >
                      <img
                        alt="alt img"
                        class="card-img-top d-none d-md-block mb-3"
                        src="https://picsum.photos/160?random=2"
                      />
                    </div>
                    <div
                      class="col-md-9 col-lg-10"
                    >
                      <div
                        class="card-body p-0 pb-md-0 pb-3"
                      >
                        <h5
                          class="card-title"
                        >
                          <a
                            class="text-underline-hover"
                            href="/example.html"
                          >
                            Incididunt ut labore et dolore
                          </a>
                        </h5>
                        <p
                          class="card-text mb-2-5"
                        >
                          Amet, consectetur adipiscing elit, sed do eiusmod tempor incididunt ut labore et dolore adipiscing elit, sed do eiusmod tempor incididunt ut labore.
                        </p>
                        <span
                          class="text-muted text-nowrap me-4-5"
                        >
                          8 hours ago
                        </span>
                        <span
                          class="text-muted text-nowrap"
                        >
                          1 comment
                        </span>
                        <div
                          class="mt-2-5"
                        >
                          <span
                            class="me-2 badge rounded-pill badge-outline-primary"
                          >
                            Category 1
                          </span>
                        </div>
                      </div>
                    </div>
                  </div>
                </div>
              </div>
              <div
                class="col"
              >
                <div
                  class="listing-item border-bottom border-md-0 border-0 card"
                >
                  <div
                    class="row"
                  >
                    <div
                      class="col-md-3 col-lg-2 rounded mw-listing-img"
                    >
                      <img
                        alt="alt img"
                        class="card-img-top d-none d-md-block mb-3"
                        src="https://picsum.photos/160?random=3"
                      />
                    </div>
                    <div
                      class="col-md-9 col-lg-10"
                    >
                      <div
                        class="card-body p-0 pb-md-0 pb-3"
                      >
                        <h5
                          class="card-title"
                        >
                          <a
                            class="text-underline-hover"
                            href="/example.html"
                          >
                            Quis nostrud exercitation ullamco
                          </a>
                        </h5>
                        <p
                          class="card-text mb-2-5"
                        >
                          Ut enim ad minim veniam, quis nostrud exercitation ullamco laboris nisi ut aliquip ex ea commodo consequat.
                        </p>
                        <span
                          class="text-muted text-nowrap me-4-5"
                        >
                          8 hours ago
                        </span>
                        <span
                          class="text-muted text-nowrap"
                        >
                          1 comment
                        </span>
                        <div
                          class="mt-2-5"
                        >
                          <span
                            class="me-2 badge rounded-pill badge-outline-primary"
                          >
                            Category 1
                          </span>
                          <span
                            class="badge rounded-pill badge-outline-primary"
                          >
                            Category 2
                          </span>
                        </div>
                      </div>
                    </div>
                  </div>
                </div>
              </div>
              <div
                class="col"
              >
                <div
                  class="listing-item border-bottom border-md-0 border-0 card"
                >
                  <div
                    class="row"
                  >
                    <div
                      class="col-md-3 col-lg-2 rounded mw-listing-img"
                    >
                      <img
                        alt="alt img"
                        class="card-img-top d-none d-md-block mb-3"
                        src="https://picsum.photos/160?random=4"
                      />
                    </div>
                    <div
                      class="col-md-9 col-lg-10"
                    >
                      <div
                        class="card-body p-0 pb-md-0 pb-3"
                      >
                        <h5
                          class="card-title"
                        >
                          <a
                            class="text-underline-hover"
                            href="/example.html"
                          >
                            Quis nostrud exercitation ullamco
                          </a>
                        </h5>
                        <p
                          class="card-text mb-2-5"
                        >
                          Quis nostrud exercitation ullamco laboris nisi ut aliquip ex ea commodo consequat.
                        </p>
                        <span
                          class="text-muted text-nowrap me-4-5"
                        >
                          8 hours ago
                        </span>
                        <span
                          class="text-muted text-nowrap"
                        >
                          1 comment
                        </span>
                        <div
                          class="mt-2-5"
                        >
                          <span
                            class="badge rounded-pill badge-outline-primary"
                          >
                            Category 1
                          </span>
                        </div>
                      </div>
                    </div>
                  </div>
                </div>
              </div>
              <div
                class="col"
              >
                <div
                  class="listing-item border-bottom border-md-0 border-0 card"
                >
                  <div
                    class="row"
                  >
                    <div
                      class="col-md-3 col-lg-2 rounded mw-listing-img"
                    >
                      <img
                        alt="alt img"
                        class="card-img-top d-none d-md-block mb-3"
                        src="https://picsum.photos/160?random=5"
                      />
                    </div>
                    <div
                      class="col-md-9 col-lg-10"
                    >
                      <div
                        class="card-body p-0 pb-md-0 pb-3"
                      >
                        <h5
                          class="card-title"
                        >
                          <a
                            class="text-underline-hover"
                            href="/example.html"
                          >
                            Duis aute irure dolor in Excepteur
                          </a>
                        </h5>
                        <p
                          class="card-text mb-2-5"
                        >
                          Duis aute irure dolor in Excepteur sint occaecat cupidatat non proident, sunt in culpa qui officia deserunt mollit anim id est laborum.
                        </p>
                        <span
                          class="text-muted text-nowrap me-4-5"
                        >
                          8 hours ago
                        </span>
                        <span
                          class="text-muted text-nowrap"
                        >
                          1 comment
                        </span>
                        <div
                          class="mt-2-5"
                        >
                          <span
                            class="me-2 badge rounded-pill badge-outline-primary"
                          >
                            Category 1
                          </span>
                          <span
                            class="badge rounded-pill badge-outline-primary"
                          >
                            Category 2
                          </span>
                        </div>
                      </div>
                    </div>
                  </div>
                </div>
              </div>
              <div
                class="col"
              >
                <div
                  class="listing-item border-bottom border-md-0 border-0 card"
                >
                  <div
                    class="row"
                  >
                    <div
                      class="col-md-3 col-lg-2 rounded mw-listing-img"
                    >
                      <img
                        alt="alt img"
                        class="card-img-top d-none d-md-block mb-3"
                        src="https://picsum.photos/160?random=6"
                      />
                    </div>
                    <div
                      class="col-md-9 col-lg-10"
                    >
                      <div
                        class="card-body p-0 pb-md-0 pb-3"
                      >
                        <h5
                          class="card-title"
                        >
                          <a
                            class="text-underline-hover"
                            href="/example.html"
                          >
                            Excepteur sint occaecat cupidatat non
                          </a>
                        </h5>
                        <p
                          class="card-text mb-2-5"
                        >
                          Excepteur sint occaecat cupidatat non proident, sunt in culpa qui officia deserunt mollit anim id est laborum.
                        </p>
                        <span
                          class="text-muted text-nowrap me-4-5"
                        >
                          8 hours ago
                        </span>
                        <span
                          class="text-muted text-nowrap"
                        >
                          1 comment
                        </span>
                        <div
                          class="mt-2-5"
                        >
                          <span
                            class="me-2 badge rounded-pill badge-outline-primary"
                          >
                            Category 1
                          </span>
                          <span
                            class="badge rounded-pill badge-outline-primary"
                          >
                            Category 2
                          </span>
                        </div>
                      </div>
                    </div>
                  </div>
                </div>
              </div>
            </div>
          </div>
          <hr
            class="d-none d-md-block mt-4-5"
          />
          <nav
            class="mt-4"
          >
            <ul
              class="pagination justify-content-center"
            >
              <li
                class="page-item"
              >
                <a
                  class="page-link"
                  href="#"
                >
                  Previous
                </a>
              </li>
              <li
                class="page-item disabled"
              >
                <a
                  aria-disabled="true"
                  class="page-link"
                  href="#"
                  tabindex="-1"
                >
                  1
                </a>
              </li>
              <li
                class="page-item active"
              >
                <a
                  aria-current="page"
                  class="page-link"
                  href="#"
                >
                  2
                </a>
              </li>
              <li
                class="page-item"
              >
                <a
                  class="page-link"
                  href="#"
                >
                  3
                </a>
              </li>
              <li
                class="page-item"
              >
                <a
                  class="page-link"
                  href="#"
                >
                  Next
                </a>
              </li>
            </ul>
          </nav>
        </div>
      </div>
    </div>
  </main>
  <footer
    class="bcl-footer"
  >
    <div
      class="container"
    >
      <div
        class="pt-4 pt-lg-5 row"
      >
        <div
          class="col-12 col-lg-4"
        >
          <p
            class="fw-bold mb-2"
          >
            [Project name]
          </p>
          <p>
            Lorem ipsum dolor sit amet, consectetur adipiscing elit. Quisque in sagittis dolor.
          </p>
        </div>
        <div
          class="col-12 col-lg-4 pb-4 pb-lg-0"
        >
          <p
            class="fw-bold border-bottom pb-2 mb-2"
          >
            Contact [project name]
          </p>
          <a
            class="d-block text-underline-hover mb-1"
            href="#"
          >
            Link
          </a>
          <p
            class="fw-bold border-bottom pb-2 mt-3 mb-2"
          >
            Follow us on social media
          </p>
          <a
            class="d-block text-underline-hover mb-1"
            href="#"
          >
            <svg
              class="me-2 me-2-5 bi icon--xs"
            >
              <use
                xlink:href="/icons.svg#facebook"
              />
            </svg>
            Facebook
          </a>
          <a
            class="d-block text-underline-hover mb-1"
            href="#"
          >
            <svg
              class="me-2 me-2-5 bi icon--xs"
            >
              <use
                xlink:href="/icons.svg#twitter"
              />
            </svg>
            Twitter
          </a>
          <a
            class="d-block text-underline-hover mb-1"
            href="#"
          >
            <svg
              class="me-2 me-2-5 bi icon--xs"
            >
              <use
                xlink:href="/icons.svg#linkedin"
              />
            </svg>
            Linkedin
          </a>
        </div>
        <div
          class="col-12 col-lg-4"
        >
          <p
            class="fw-bold border-bottom pb-2 mb-2"
          >
            Optional links
          </p>
          <a
            class="d-block text-underline-hover mb-1"
            href="#"
          >
            Link
          </a>
          <a
            class="d-block text-underline-hover mb-1"
            href="#"
          >
            Link
          </a>
          <a
            class="d-block text-underline-hover mb-1"
            href="#"
          >
            Link
          </a>
          <a
            class="d-block text-underline-hover mb-1"
            href="#"
          >
            Link
          </a>
        </div>
      </div>
      <div
        class="pb-4 pb-lg-5 mt-4 mt-lg-5 bcl-footer__bordered-row row"
      >
        <div
          class="col-12 col-lg-4 pb-4"
        >
          <img
            alt="logo"
            src="https://cdn1.fpfis.tech.ec.europa.eu/ecl/v3.0.2/eu/images/logo/standard-version/positive/logo-eu--en.svg"
          />
        </div>
        <div
          class="col-12 col-lg-4"
        >
          <p
            class="fw-bold border-bottom pb-2 mb-2"
          >
            Contact the EU
          </p>
          <a
            class="d-block text-underline-hover mb-1"
            href="#"
          >
            Call us 00 800 6 7 8 9 10 11
          </a>
          <a
            class="d-block text-underline-hover mb-1"
            href="#"
          >
            Use other telephone options
          </a>
          <a
            class="d-block text-underline-hover mb-1"
            href="#"
          >
            Write us via our contact form
          </a>
          <a
            class="d-block text-underline-hover mb-1"
            href="#"
          >
            Meet us at a local EU office
          </a>
          <p
            class="fw-bold border-bottom pb-2 pt-3 mb-2"
          >
            Social media
          </p>
          <p>
            Search for 
            <a
              class="text-underline-hover mb-2"
              href="#"
            >
              EU social media channels
            </a>
          </p>
          <p
            class="fw-bold border-bottom pb-2 pt-3 mb-2"
          >
            Legal
          </p>
          <a
            class="d-block text-underline-hover mb-1"
            href="#"
          >
            Language policy
          </a>
          <a
            class="d-block text-underline-hover mb-1"
            href="#"
          >
            Privacy policy
          </a>
          <a
            class="d-block text-underline-hover mb-1"
            href="#"
          >
            Legal notice
          </a>
          <a
            class="d-block text-underline-hover mb-1"
            href="#"
          >
            Cookies
          </a>
        </div>
        <div
          class="col-12 col-lg-4"
        >
          <p
            class="fw-bold border-bottom pb-2 pt-4 pt-lg-0 mb-2"
          >
            EU institutions
          </p>
          <a
            class="d-block text-underline-hover mb-1"
            href="#"
          >
            European Parliament
          </a>
          <a
            class="d-block text-underline-hover mb-1"
            href="#"
          >
            European Council
          </a>
          <a
            class="d-block text-underline-hover mb-1"
            href="#"
          >
            Council of the European Union
          </a>
          <a
            class="d-block text-underline-hover mb-1"
            href="#"
          >
            European Commission
          </a>
          <a
            class="d-block text-underline-hover mb-1"
            href="#"
          >
            Court of Justice of the European Union
          </a>
          <a
            class="d-block text-underline-hover mb-1"
            href="#"
          >
            European Central Bank
          </a>
          <a
            class="d-block text-underline-hover mb-1"
            href="#"
          >
            European Court of Auditors
          </a>
          <a
            class="d-block text-underline-hover mb-1"
            href="#"
          >
            European External Action Service
          </a>
          <a
            class="d-block text-underline-hover mb-1"
            href="#"
          >
            European Economic and Social Committee
          </a>
          <a
            class="d-block text-underline-hover mb-1"
            href="#"
          >
            European Committee of the Region
          </a>
          <a
            class="d-block text-underline-hover mb-1"
            href="#"
          >
            European Investment Bank
          </a>
          <a
            class="d-block text-underline-hover mb-1"
            href="#"
          >
            European Ombudsman
          </a>
          <a
            class="d-block text-underline-hover mb-1"
            href="#"
          >
            European Data Protection Supervisor
          </a>
          <a
            class="d-block text-underline-hover mb-1"
            href="#"
          >
            European Data Protection Board
          </a>
          <a
            class="d-block text-underline-hover mb-1"
            href="#"
          >
            European Personnel Selection Office
          </a>
          <a
            class="d-block text-underline-hover mb-1"
            href="#"
          >
            Publications Office of the European Union
          </a>
          <a
            class="d-block text-underline-hover mb-1"
            href="#"
          >
            Agencies
          </a>
        </div>
      </div>
    </div>
  </footer>
</jest>
`;
