// Jest Snapshot v1, https://jestjs.io/docs/snapshot-testing

exports[`OE - Pagination center renders correctly 1`] = `
<jest>
  <nav
    class="pager pagination-v2"
  >
    
  
    <ul
      class="pagination pager__items js-pager__items d-flex flex-row justify-content-between justify-content-md-center"
    >
      
                            
                                
          
          
          
      <li
        class="page-item pager__item pager__item--prev d-inline-block"
      >
        
                                                  

  
  




    


  



        <a
          aria-hidden="false"
          aria-label="Previous page"
          class="page-link"
          href="/example.html"
        >
          



  


          <svg
            class="bi icon--fluid"
          >
            
  
            <use
              xlink:href="/icons.svg#chevron-left"
            />
            

          </svg>
          


        </a>
        

          
      </li>
      
                                
                                
          
          
          
      <li
        class="page-item pager__item d-none d-md-inline-block"
      >
        
                                                  

  





    






        <a
          aria-hidden="false"
          aria-label="First page"
          class="page-link"
          href="/example.html"
        >
          1
        </a>
        

          
      </li>
      
                                
                                
          
          
          
      <li
        class="page-item pager__item d-none d-md-inline-block"
      >
        
                        

        

  



  
        <div
          class="page-link"
        >
          
          
          <span
            class="d-inline-block"
          >
                  
            <span
              aria-hidden="true"
            >
               … 
            </span>
            
    
          </span>
          
      
        </div>
        

          
      </li>
      
                                
                                
          
          
          
      <li
        class="page-item pager__item d-none d-md-inline-block"
      >
        
                                                  

  

  



    






        <a
          aria-hidden="false"
          class="page-link"
          href="/example.html"
        >
          10
        </a>
        

          
      </li>
      
                                
          
          
                                
          
      <li
        class="page-item pager__item active d-inline-block"
      >
        
                                                  

  

  

    

  
        <div
          aria-current="page"
          class="page-link"
          tabindex="0"
        >
          
          
          <span
            class="d-none d-md-inline-block"
          >
            11
          </span>
          
      
          <span
            class="d-inline-block d-md-none"
          >
            Page 11 of 55
          </span>
          
      
        </div>
        

          
      </li>
      
                                
                                
          
          
          
      <li
        class="page-item pager__item d-none d-md-inline-block"
      >
        
                                                  

  

  



    






        <a
          aria-hidden="false"
          class="page-link"
          href="/example.html"
        >
          12
        </a>
        

          
      </li>
      
                                
                                
          
          
          
      <li
        class="page-item pager__item d-none d-md-inline-block"
      >
        
                        

        

  



  
        <div
          class="page-link"
        >
          
          
          <span
            class="d-inline-block"
          >
                  
            <span
              aria-hidden="true"
            >
               … 
            </span>
            
    
          </span>
          
      
        </div>
        

          
      </li>
      
                                
                                
          
          
          
      <li
        class="page-item pager__item d-none d-md-inline-block"
      >
        
                                                  

  





    






        <a
          aria-hidden="false"
          aria-label="Last page"
          class="page-link"
          href="/example.html"
        >
          55
        </a>
        

          
      </li>
      
                                
                                
          
          
          
      <li
        class="page-item pager__item pager__item--next d-inline-block"
      >
        
                                                  

  
  




    


  



        <a
          aria-hidden="false"
          aria-label="Next page"
          class="page-link"
          href="/example.html"
        >
          



  


          <svg
            class="bi icon--fluid"
          >
            
  
            <use
              xlink:href="/icons.svg#chevron-right"
            />
            

          </svg>
          


        </a>
        

          
      </li>
      
                    
    </ul>
    

  </nav>
</jest>
`;

exports[`OE - Pagination end renders correctly 1`] = `
<jest>
  <nav
    class="pager pagination-v2"
  >
    
  
    <ul
      class="pagination pager__items js-pager__items d-flex flex-row justify-content-between justify-content-md-end"
    >
      
                            
                                
          
          
          
      <li
        class="page-item pager__item pager__item--prev d-inline-block"
      >
        
                                                  

  
  




    


  



        <a
          aria-hidden="false"
          aria-label="Previous page"
          class="page-link"
          href="/example.html"
        >
          



  


          <svg
            class="bi icon--fluid"
          >
            
  
            <use
              xlink:href="/icons.svg#chevron-left"
            />
            

          </svg>
          


        </a>
        

          
      </li>
      
                                
                                
          
          
          
      <li
        class="page-item pager__item d-none d-md-inline-block"
      >
        
                                                  

  





    






        <a
          aria-hidden="false"
          aria-label="First page"
          class="page-link"
          href="/example.html"
        >
          1
        </a>
        

          
      </li>
      
                                
                                
          
          
          
      <li
        class="page-item pager__item d-none d-md-inline-block"
      >
        
                        

        

  



  
        <div
          class="page-link"
        >
          
          
          <span
            class="d-inline-block"
          >
                  
            <span
              aria-hidden="true"
            >
               … 
            </span>
            
    
          </span>
          
      
        </div>
        

          
      </li>
      
                                
                                
          
          
          
      <li
        class="page-item pager__item d-none d-md-inline-block"
      >
        
                                                  

  

  



    






        <a
          aria-hidden="false"
          class="page-link"
          href="/example.html"
        >
          10
        </a>
        

          
      </li>
      
                                
          
          
                                
          
      <li
        class="page-item pager__item active d-inline-block"
      >
        
                                                  

  

  

    

  
        <div
          aria-current="page"
          class="page-link"
          tabindex="0"
        >
          
          
          <span
            class="d-none d-md-inline-block"
          >
            11
          </span>
          
      
          <span
            class="d-inline-block d-md-none"
          >
            Page 11 of 55
          </span>
          
      
        </div>
        

          
      </li>
      
                                
                                
          
          
          
      <li
        class="page-item pager__item d-none d-md-inline-block"
      >
        
                                                  

  

  



    






        <a
          aria-hidden="false"
          class="page-link"
          href="/example.html"
        >
          12
        </a>
        

          
      </li>
      
                                
                                
          
          
          
      <li
        class="page-item pager__item d-none d-md-inline-block"
      >
        
                        

        

  



  
        <div
          class="page-link"
        >
          
          
          <span
            class="d-inline-block"
          >
                  
            <span
              aria-hidden="true"
            >
               … 
            </span>
            
    
          </span>
          
      
        </div>
        

          
      </li>
      
                                
                                
          
          
          
      <li
        class="page-item pager__item d-none d-md-inline-block"
      >
        
                                                  

  





    






        <a
          aria-hidden="false"
          aria-label="Last page"
          class="page-link"
          href="/example.html"
        >
          55
        </a>
        

          
      </li>
      
                                
                                
          
          
          
      <li
        class="page-item pager__item pager__item--next d-inline-block"
      >
        
                                                  

  
  




    


  



        <a
          aria-hidden="false"
          aria-label="Next page"
          class="page-link"
          href="/example.html"
        >
          



  


          <svg
            class="bi icon--fluid"
          >
            
  
            <use
              xlink:href="/icons.svg#chevron-right"
            />
            

          </svg>
          


        </a>
        

          
      </li>
      
                    
    </ul>
    

  </nav>
</jest>
`;

exports[`OE - Pagination lg renders correctly 1`] = `
<jest>
  <nav
    class="pager pagination-v2"
  >
    
  
    <ul
      class="pagination pager__items js-pager__items d-flex flex-row justify-content-between pagination-lg justify-content-md-center"
    >
      
                            
                                
          
          
          
      <li
        class="page-item pager__item pager__item--prev d-inline-block"
      >
        
                                                  

  
  




    


  



        <a
          aria-hidden="false"
          aria-label="Previous page"
          class="page-link"
          href="/example.html"
        >
          



  


          <svg
            class="bi icon--fluid"
          >
            
  
            <use
              xlink:href="/icons.svg#chevron-left"
            />
            

          </svg>
          


        </a>
        

          
      </li>
      
                                
                                
          
          
          
      <li
        class="page-item pager__item d-none d-md-inline-block"
      >
        
                                                  

  





    






        <a
          aria-hidden="false"
          aria-label="First page"
          class="page-link"
          href="/example.html"
        >
          1
        </a>
        

          
      </li>
      
                                
                                
          
          
          
      <li
        class="page-item pager__item d-none d-md-inline-block"
      >
        
                        

        

  



  
        <div
          class="page-link"
        >
          
          
          <span
            class="d-inline-block"
          >
                  
            <span
              aria-hidden="true"
            >
               … 
            </span>
            
    
          </span>
          
      
        </div>
        

          
      </li>
      
                                
                                
          
          
          
      <li
        class="page-item pager__item d-none d-md-inline-block"
      >
        
                                                  

  

  



    






        <a
          aria-hidden="false"
          class="page-link"
          href="/example.html"
        >
          10
        </a>
        

          
      </li>
      
                                
          
          
                                
          
      <li
        class="page-item pager__item active d-inline-block"
      >
        
                                                  

  

  

    

  
        <div
          aria-current="page"
          class="page-link"
          tabindex="0"
        >
          
          
          <span
            class="d-none d-md-inline-block"
          >
            11
          </span>
          
      
          <span
            class="d-inline-block d-md-none"
          >
            Page 11 of 55
          </span>
          
      
        </div>
        

          
      </li>
      
                                
                                
          
          
          
      <li
        class="page-item pager__item d-none d-md-inline-block"
      >
        
                                                  

  

  



    






        <a
          aria-hidden="false"
          class="page-link"
          href="/example.html"
        >
          12
        </a>
        

          
      </li>
      
                                
                                
          
          
          
      <li
        class="page-item pager__item d-none d-md-inline-block"
      >
        
                        

        

  



  
        <div
          class="page-link"
        >
          
          
          <span
            class="d-inline-block"
          >
                  
            <span
              aria-hidden="true"
            >
               … 
            </span>
            
    
          </span>
          
      
        </div>
        

          
      </li>
      
                                
                                
          
          
          
      <li
        class="page-item pager__item d-none d-md-inline-block"
      >
        
                                                  

  





    






        <a
          aria-hidden="false"
          aria-label="Last page"
          class="page-link"
          href="/example.html"
        >
          55
        </a>
        

          
      </li>
      
                                
                                
          
          
          
      <li
        class="page-item pager__item pager__item--next d-inline-block"
      >
        
                                                  

  
  




    


  



        <a
          aria-hidden="false"
          aria-label="Next page"
          class="page-link"
          href="/example.html"
        >
          



  


          <svg
            class="bi icon--fluid"
          >
            
  
            <use
              xlink:href="/icons.svg#chevron-right"
            />
            

          </svg>
          


        </a>
        

          
      </li>
      
                    
    </ul>
    

  </nav>
</jest>
`;

exports[`OE - Pagination renders correctly 1`] = `
<jest>
  <nav
    class="pager pagination-v2"
  >
    
  
    <ul
      class="pagination pager__items js-pager__items d-flex flex-row justify-content-between justify-content-md-center"
    >
      
                            
                                
          
          
          
      <li
        class="page-item pager__item pager__item--prev d-inline-block"
      >
        
                                                  

  
  




    


  



        <a
          aria-hidden="false"
          aria-label="Previous page"
          class="page-link"
          href="/example.html"
        >
          



  


          <svg
            class="bi icon--fluid"
          >
            
  
            <use
              xlink:href="/icons.svg#chevron-left"
            />
            

          </svg>
          


        </a>
        

          
      </li>
      
                                
                                
          
          
          
      <li
        class="page-item pager__item d-none d-md-inline-block"
      >
        
                                                  

  





    






        <a
          aria-hidden="false"
          aria-label="First page"
          class="page-link"
          href="/example.html"
        >
          1
        </a>
        

          
      </li>
      
                                
                                
          
          
          
      <li
        class="page-item pager__item d-none d-md-inline-block"
      >
        
                        

        

  



  
        <div
          class="page-link"
        >
          
          
          <span
            class="d-inline-block"
          >
                  
            <span
              aria-hidden="true"
            >
               … 
            </span>
            
    
          </span>
          
      
        </div>
        

          
      </li>
      
                                
                                
          
          
          
      <li
        class="page-item pager__item d-none d-md-inline-block"
      >
        
                                                  

  

  



    






        <a
          aria-hidden="false"
          class="page-link"
          href="/example.html"
        >
          10
        </a>
        

          
      </li>
      
                                
          
          
                                
          
      <li
        class="page-item pager__item active d-inline-block"
      >
        
                                                  

  

  

    

  
        <div
          aria-current="page"
          class="page-link"
          tabindex="0"
        >
          
          
          <span
            class="d-none d-md-inline-block"
          >
            11
          </span>
          
      
          <span
            class="d-inline-block d-md-none"
          >
            Page 11 of 55
          </span>
          
      
        </div>
        

          
      </li>
      
                                
                                
          
          
          
      <li
        class="page-item pager__item d-none d-md-inline-block"
      >
        
                                                  

  

  



    






        <a
          aria-hidden="false"
          class="page-link"
          href="/example.html"
        >
          12
        </a>
        

          
      </li>
      
                                
                                
          
          
          
      <li
        class="page-item pager__item d-none d-md-inline-block"
      >
        
                        

        

  



  
        <div
          class="page-link"
        >
          
          
          <span
            class="d-inline-block"
          >
                  
            <span
              aria-hidden="true"
            >
               … 
            </span>
            
    
          </span>
          
      
        </div>
        

          
      </li>
      
                                
                                
          
          
          
      <li
        class="page-item pager__item d-none d-md-inline-block"
      >
        
                                                  

  





    






        <a
          aria-hidden="false"
          aria-label="Last page"
          class="page-link"
          href="/example.html"
        >
          55
        </a>
        

          
      </li>
      
                                
                                
          
          
          
      <li
        class="page-item pager__item pager__item--next d-inline-block"
      >
        
                                                  

  
  




    


  



        <a
          aria-hidden="false"
          aria-label="Next page"
          class="page-link"
          href="/example.html"
        >
          



  


          <svg
            class="bi icon--fluid"
          >
            
  
            <use
              xlink:href="/icons.svg#chevron-right"
            />
            

          </svg>
          


        </a>
        

          
      </li>
      
                    
    </ul>
    

  </nav>
</jest>
`;

exports[`OE - Pagination renders correctly as glossary 1`] = `
<jest>
  <nav
    class="pager pagination-v2"
  >
    
  
    <ul
      class="pagination pager__items js-pager__items d-flex flex-row justify-content-between justify-content-md-center"
    >
      
                            
                                
          
          
          
      <li
        class="page-item pager__item pager__item--prev d-inline-block"
      >
        
                                                  

  
  




    


  



        <a
          aria-hidden="false"
          aria-label="Previous page"
          class="page-link"
          href="/example.html"
        >
          



  


          <svg
            class="bi icon--fluid"
          >
            
  
            <use
              xlink:href="/icons.svg#chevron-left"
            />
            

          </svg>
          


        </a>
        

          
      </li>
      
                                
                                
          
          
          
      <li
        class="page-item pager__item d-none d-md-inline-block"
      >
        
                                                  

  





    






        <a
          aria-hidden="false"
          aria-label="First page"
          class="page-link"
          href="/example.html"
        >
          1
        </a>
        

          
      </li>
      
                                
                                
          
          
          
      <li
        class="page-item pager__item d-none d-md-inline-block"
      >
        
                        

        

  



  
        <div
          class="page-link"
        >
          
          
          <span
            class="d-inline-block"
          >
                  
            <span
              aria-hidden="true"
            >
               … 
            </span>
            
    
          </span>
          
      
        </div>
        

          
      </li>
      
                                
                                
          
          
          
      <li
        class="page-item pager__item d-none d-md-inline-block"
      >
        
                                                  

  

  



    






        <a
          aria-hidden="false"
          class="page-link"
          href="/example.html"
        >
          10
        </a>
        

          
      </li>
      
                                
          
          
                                
          
      <li
        class="page-item pager__item active d-inline-block"
      >
        
                                                  

  

  

    

  
        <div
          aria-current="page"
          class="page-link"
          tabindex="0"
        >
          
          
          <span
            class="d-none d-md-inline-block"
          >
            11
          </span>
          
      
          <span
            class="d-inline-block d-md-none"
          >
            Page 11 of 55
          </span>
          
      
        </div>
        

          
      </li>
      
                                
                                
          
          
          
      <li
        class="page-item pager__item d-none d-md-inline-block"
      >
        
                                                  

  

  



    






        <a
          aria-hidden="false"
          class="page-link"
          href="/example.html"
        >
          12
        </a>
        

          
      </li>
      
                                
                                
          
          
          
      <li
        class="page-item pager__item d-none d-md-inline-block"
      >
        
                        

        

  



  
        <div
          class="page-link"
        >
          
          
          <span
            class="d-inline-block"
          >
                  
            <span
              aria-hidden="true"
            >
               … 
            </span>
            
    
          </span>
          
      
        </div>
        

          
      </li>
      
                                
                                
          
          
          
      <li
        class="page-item pager__item d-none d-md-inline-block"
      >
        
                                                  

  





    






        <a
          aria-hidden="false"
          aria-label="Last page"
          class="page-link"
          href="/example.html"
        >
          55
        </a>
        

          
      </li>
      
                                
                                
          
          
          
      <li
        class="page-item pager__item pager__item--next d-inline-block"
      >
        
                                                  

  
  




    


  



        <a
          aria-hidden="false"
          aria-label="Next page"
          class="page-link"
          href="/example.html"
        >
          



  


          <svg
            class="bi icon--fluid"
          >
            
  
            <use
              xlink:href="/icons.svg#chevron-right"
            />
            

          </svg>
          


        </a>
        

          
      </li>
      
                    
    </ul>
    

  </nav>
</jest>
`;

exports[`OE - Pagination renders correctly with new attributes on items 1`] = `
<jest>
  <nav
    class="pager pagination-v2"
  >
    
  
    <ul
      class="pagination pager__items js-pager__items d-flex flex-row justify-content-between justify-content-md-center"
    >
      
                            
                                
          
          
          
      <li
        class="page-item pager__item d-none d-md-inline-block"
      >
        
                                                  

  





    






        <a
          aria-hidden="false"
          class="new-class page-link"
          href="/example.html"
          new-attributes="1"
        >
          1
        </a>
        

          
      </li>
      
                    
    </ul>
    

  </nav>
</jest>
`;

exports[`OE - Pagination sm renders correctly 1`] = `
<jest>
  <nav
    class="pager pagination-v2"
  >
    
  
    <ul
      class="pagination pager__items js-pager__items d-flex flex-row justify-content-between pagination-sm justify-content-md-center"
    >
      
                            
                                
          
          
          
      <li
        class="page-item pager__item pager__item--prev d-inline-block"
      >
        
                                                  

  
  




    


  



        <a
          aria-hidden="false"
          aria-label="Previous page"
          class="page-link"
          href="/example.html"
        >
          



  


          <svg
            class="bi icon--fluid"
          >
            
  
            <use
              xlink:href="/icons.svg#chevron-left"
            />
            

          </svg>
          


        </a>
        

          
      </li>
      
                                
                                
          
          
          
      <li
        class="page-item pager__item d-none d-md-inline-block"
      >
        
                                                  

  





    






        <a
          aria-hidden="false"
          aria-label="First page"
          class="page-link"
          href="/example.html"
        >
          1
        </a>
        

          
      </li>
      
                                
                                
          
          
          
      <li
        class="page-item pager__item d-none d-md-inline-block"
      >
        
                        

        

  



  
        <div
          class="page-link"
        >
          
          
          <span
            class="d-inline-block"
          >
                  
            <span
              aria-hidden="true"
            >
               … 
            </span>
            
    
          </span>
          
      
        </div>
        

          
      </li>
      
                                
                                
          
          
          
      <li
        class="page-item pager__item d-none d-md-inline-block"
      >
        
                                                  

  

  



    






        <a
          aria-hidden="false"
          class="page-link"
          href="/example.html"
        >
          10
        </a>
        

          
      </li>
      
                                
          
          
                                
          
      <li
        class="page-item pager__item active d-inline-block"
      >
        
                                                  

  

  

    

  
        <div
          aria-current="page"
          class="page-link"
          tabindex="0"
        >
          
          
          <span
            class="d-none d-md-inline-block"
          >
            11
          </span>
          
      
          <span
            class="d-inline-block d-md-none"
          >
            Page 11 of 55
          </span>
          
      
        </div>
        

          
      </li>
      
                                
                                
          
          
          
      <li
        class="page-item pager__item d-none d-md-inline-block"
      >
        
                                                  

  

  



    






        <a
          aria-hidden="false"
          class="page-link"
          href="/example.html"
        >
          12
        </a>
        

          
      </li>
      
                                
                                
          
          
          
      <li
        class="page-item pager__item d-none d-md-inline-block"
      >
        
                        

        

  



  
        <div
          class="page-link"
        >
          
          
          <span
            class="d-inline-block"
          >
                  
            <span
              aria-hidden="true"
            >
               … 
            </span>
            
    
          </span>
          
      
        </div>
        

          
      </li>
      
                                
                                
          
          
          
      <li
        class="page-item pager__item d-none d-md-inline-block"
      >
        
                                                  

  





    






        <a
          aria-hidden="false"
          aria-label="Last page"
          class="page-link"
          href="/example.html"
        >
          55
        </a>
        

          
      </li>
      
                                
                                
          
          
          
      <li
        class="page-item pager__item pager__item--next d-inline-block"
      >
        
                                                  

  
  




    


  



        <a
          aria-hidden="false"
          aria-label="Next page"
          class="page-link"
          href="/example.html"
        >
          



  


          <svg
            class="bi icon--fluid"
          >
            
  
            <use
              xlink:href="/icons.svg#chevron-right"
            />
            

          </svg>
          


        </a>
        

          
      </li>
      
                    
    </ul>
    

  </nav>
</jest>
`;

exports[`OE - Pagination start renders correctly 1`] = `
<jest>
  <nav
    class="pager pagination-v2"
  >
    
  
    <ul
      class="pagination pager__items js-pager__items d-flex flex-row justify-content-between justify-content-md-start"
    >
      
                            
                                
          
          
          
      <li
        class="page-item pager__item pager__item--prev d-inline-block"
      >
        
                                                  

  
  




    


  



        <a
          aria-hidden="false"
          aria-label="Previous page"
          class="page-link"
          href="/example.html"
        >
          



  


          <svg
            class="bi icon--fluid"
          >
            
  
            <use
              xlink:href="/icons.svg#chevron-left"
            />
            

          </svg>
          


        </a>
        

          
      </li>
      
                                
                                
          
          
          
      <li
        class="page-item pager__item d-none d-md-inline-block"
      >
        
                                                  

  





    






        <a
          aria-hidden="false"
          aria-label="First page"
          class="page-link"
          href="/example.html"
        >
          1
        </a>
        

          
      </li>
      
                                
                                
          
          
          
      <li
        class="page-item pager__item d-none d-md-inline-block"
      >
        
                        

        

  



  
        <div
          class="page-link"
        >
          
          
          <span
            class="d-inline-block"
          >
                  
            <span
              aria-hidden="true"
            >
               … 
            </span>
            
    
          </span>
          
      
        </div>
        

          
      </li>
      
                                
                                
          
          
          
      <li
        class="page-item pager__item d-none d-md-inline-block"
      >
        
                                                  

  

  



    






        <a
          aria-hidden="false"
          class="page-link"
          href="/example.html"
        >
          10
        </a>
        

          
      </li>
      
                                
          
          
                                
          
      <li
        class="page-item pager__item active d-inline-block"
      >
        
                                                  

  

  

    

  
        <div
          aria-current="page"
          class="page-link"
          tabindex="0"
        >
          
          
          <span
            class="d-none d-md-inline-block"
          >
            11
          </span>
          
      
          <span
            class="d-inline-block d-md-none"
          >
            Page 11 of 55
          </span>
          
      
        </div>
        

          
      </li>
      
                                
                                
          
          
          
      <li
        class="page-item pager__item d-none d-md-inline-block"
      >
        
                                                  

  

  



    






        <a
          aria-hidden="false"
          class="page-link"
          href="/example.html"
        >
          12
        </a>
        

          
      </li>
      
                                
                                
          
          
          
      <li
        class="page-item pager__item d-none d-md-inline-block"
      >
        
                        

        

  



  
        <div
          class="page-link"
        >
          
          
          <span
            class="d-inline-block"
          >
                  
            <span
              aria-hidden="true"
            >
               … 
            </span>
            
    
          </span>
          
      
        </div>
        

          
      </li>
      
                                
                                
          
          
          
      <li
        class="page-item pager__item d-none d-md-inline-block"
      >
        
                                                  

  





    






        <a
          aria-hidden="false"
          aria-label="Last page"
          class="page-link"
          href="/example.html"
        >
          55
        </a>
        

          
      </li>
      
                                
                                
          
          
          
      <li
        class="page-item pager__item pager__item--next d-inline-block"
      >
        
                                                  

  
  




    


  



        <a
          aria-hidden="false"
          aria-label="Next page"
          class="page-link"
          href="/example.html"
        >
          



  


          <svg
            class="bi icon--fluid"
          >
            
  
            <use
              xlink:href="/icons.svg#chevron-right"
            />
            

          </svg>
          


        </a>
        

          
      </li>
      
                    
    </ul>
    

  </nav>
</jest>
`;

exports[`OE - Pagination with custom icon for next renders for correctly 1`] = `
<jest>
  <nav
    class="pager pagination-v2"
  >
    
  
    <ul
      class="pagination pager__items js-pager__items d-flex flex-row justify-content-between justify-content-md-center"
    >
      
                            
                                
          
          
          
      <li
        class="page-item pager__item pager__item--prev d-inline-block"
      >
        
                                                  

  
  




    


  



        <a
          aria-hidden="false"
          aria-label="Previous page"
          class="page-link"
          href="/example.html"
        >
          



  


          <svg
            class="bi icon--fluid"
          >
            
  
            <use
              xlink:href="/icons.svg#chevron-left"
            />
            

          </svg>
          


        </a>
        

          
      </li>
      
                                
                                
          
          
          
      <li
        class="page-item pager__item d-none d-md-inline-block"
      >
        
                                                  

  





    






        <a
          aria-hidden="false"
          aria-label="First page"
          class="page-link"
          href="/example.html"
        >
          1
        </a>
        

          
      </li>
      
                                
                                
          
          
          
      <li
        class="page-item pager__item d-none d-md-inline-block"
      >
        
                        

        

  



  
        <div
          class="page-link"
        >
          
          
          <span
            class="d-inline-block"
          >
                  
            <span
              aria-hidden="true"
            >
               … 
            </span>
            
    
          </span>
          
      
        </div>
        

          
      </li>
      
                                
                                
          
          
          
      <li
        class="page-item pager__item d-none d-md-inline-block"
      >
        
                                                  

  

  



    






        <a
          aria-hidden="false"
          class="page-link"
          href="/example.html"
        >
          10
        </a>
        

          
      </li>
      
                                
          
          
                                
          
      <li
        class="page-item pager__item active d-inline-block"
      >
        
                                                  

  

  

    

  
        <div
          aria-current="page"
          class="page-link"
          tabindex="0"
        >
          
          
          <span
            class="d-none d-md-inline-block"
          >
            11
          </span>
          
      
          <span
            class="d-inline-block d-md-none"
          >
            Page 11 of 55
          </span>
          
      
        </div>
        

          
      </li>
      
                                
                                
          
          
          
      <li
        class="page-item pager__item d-none d-md-inline-block"
      >
        
                                                  

  

  



    






        <a
          aria-hidden="false"
          class="page-link"
          href="/example.html"
        >
          12
        </a>
        

          
      </li>
      
                                
                                
          
          
          
      <li
        class="page-item pager__item d-none d-md-inline-block"
      >
        
                        

        

  



  
        <div
          class="page-link"
        >
          
          
          <span
            class="d-inline-block"
          >
                  
            <span
              aria-hidden="true"
            >
               … 
            </span>
            
    
          </span>
          
      
        </div>
        

          
      </li>
      
                                
                                
          
          
          
      <li
        class="page-item pager__item d-none d-md-inline-block"
      >
        
                                                  

  





    






        <a
          aria-hidden="false"
          aria-label="Last page"
          class="page-link"
          href="/example.html"
        >
          55
        </a>
        

          
      </li>
      
                                
                                
          
          
          
      <li
        class="page-item pager__item pager__item--next d-inline-block"
      >
        
                                                  

  
  
  



    


  



        <a
          aria-hidden="false"
          class="page-link"
          href="/example.html"
        >
          



  


          <svg
            class="bi icon--fluid"
          >
            
  
            <use
              xlink:href="/icons.svg#chevron-right"
            />
            

          </svg>
          


        </a>
        

          
      </li>
      
                    
    </ul>
    

  </nav>
</jest>
`;

exports[`OE - Pagination with custom list attributes renders for correctly 1`] = `
<jest>
  <nav
    class="pager pagination-v2"
  >
    
  
    <ul
      class="new-class pagination pager__items js-pager__items d-flex flex-row justify-content-between justify-content-md-center"
      new-attributes="1"
    >
      
                            
                                
          
          
          
      <li
        class="page-item pager__item pager__item--prev d-inline-block"
      >
        
                                                  

  
  




    


  



        <a
          aria-hidden="false"
          aria-label="Previous page"
          class="page-link"
          href="/example.html"
        >
          



  


          <svg
            class="bi icon--fluid"
          >
            
  
            <use
              xlink:href="/icons.svg#chevron-left"
            />
            

          </svg>
          


        </a>
        

          
      </li>
      
                                
                                
          
          
          
      <li
        class="page-item pager__item d-none d-md-inline-block"
      >
        
                                                  

  





    






        <a
          aria-hidden="false"
          aria-label="First page"
          class="page-link"
          href="/example.html"
        >
          1
        </a>
        

          
      </li>
      
                                
                                
          
          
          
      <li
        class="page-item pager__item d-none d-md-inline-block"
      >
        
                        

        

  



  
        <div
          class="page-link"
        >
          
          
          <span
            class="d-inline-block"
          >
                  
            <span
              aria-hidden="true"
            >
               … 
            </span>
            
    
          </span>
          
      
        </div>
        

          
      </li>
      
                                
                                
          
          
          
      <li
        class="page-item pager__item d-none d-md-inline-block"
      >
        
                                                  

  

  



    






        <a
          aria-hidden="false"
          class="page-link"
          href="/example.html"
        >
          10
        </a>
        

          
      </li>
      
                                
          
          
                                
          
      <li
        class="page-item pager__item active d-inline-block"
      >
        
                                                  

  

  

    

  
        <div
          aria-current="page"
          class="page-link"
          tabindex="0"
        >
          
          
          <span
            class="d-none d-md-inline-block"
          >
            11
          </span>
          
      
          <span
            class="d-inline-block d-md-none"
          >
            Page 11 of 55
          </span>
          
      
        </div>
        

          
      </li>
      
                                
                                
          
          
          
      <li
        class="page-item pager__item d-none d-md-inline-block"
      >
        
                                                  

  

  



    






        <a
          aria-hidden="false"
          class="page-link"
          href="/example.html"
        >
          12
        </a>
        

          
      </li>
      
                                
                                
          
          
          
      <li
        class="page-item pager__item d-none d-md-inline-block"
      >
        
                        

        

  



  
        <div
          class="page-link"
        >
          
          
          <span
            class="d-inline-block"
          >
                  
            <span
              aria-hidden="true"
            >
               … 
            </span>
            
    
          </span>
          
      
        </div>
        

          
      </li>
      
                                
                                
          
          
          
      <li
        class="page-item pager__item d-none d-md-inline-block"
      >
        
                                                  

  





    






        <a
          aria-hidden="false"
          aria-label="Last page"
          class="page-link"
          href="/example.html"
        >
          55
        </a>
        

          
      </li>
      
                                
                                
          
          
          
      <li
        class="page-item pager__item pager__item--next d-inline-block"
      >
        
                                                  

  
  




    


  



        <a
          aria-hidden="false"
          aria-label="Next page"
          class="page-link"
          href="/example.html"
        >
          



  


          <svg
            class="bi icon--fluid"
          >
            
  
            <use
              xlink:href="/icons.svg#chevron-right"
            />
            

          </svg>
          


        </a>
        

          
      </li>
      
                    
    </ul>
    

  </nav>
</jest>
`;

exports[`OE - Pagination with ellipsises renders correctly 1`] = `
<jest>
  <nav
    class="pager pagination-v2"
  >
    
  
    <ul
      class="pagination pager__items js-pager__items d-flex flex-row justify-content-between justify-content-md-center"
    >
      
                            
                                
          
          
          
      <li
        class="page-item pager__item pager__item--prev d-inline-block"
      >
        
                                                  

  
  




    


  



        <a
          aria-hidden="false"
          aria-label="Previous page"
          class="page-link"
          href="/example.html"
        >
          



  


          <svg
            class="bi icon--fluid"
          >
            
  
            <use
              xlink:href="/icons.svg#chevron-left"
            />
            

          </svg>
          


        </a>
        

          
      </li>
      
                                
                                
          
          
          
      <li
        class="page-item pager__item d-none d-md-inline-block"
      >
        
                                                  

  





    






        <a
          aria-hidden="false"
          aria-label="First page"
          class="page-link"
          href="/example.html"
        >
          1
        </a>
        

          
      </li>
      
                                
                                
          
          
          
      <li
        class="page-item pager__item d-none d-md-inline-block"
      >
        
                        

        

  



  
        <div
          class="page-link"
        >
          
          
          <span
            class="d-inline-block"
          >
                  
            <span
              aria-hidden="true"
            >
               … 
            </span>
            
    
          </span>
          
      
        </div>
        

          
      </li>
      
                                
                                
          
          
          
      <li
        class="page-item pager__item d-none d-md-inline-block"
      >
        
                                                  

  

  



    






        <a
          aria-hidden="false"
          class="page-link"
          href="/example.html"
        >
          10
        </a>
        

          
      </li>
      
                                
          
          
                                
          
      <li
        class="page-item pager__item active d-inline-block"
      >
        
                                                  

  

  

    

  
        <div
          aria-current="page"
          class="page-link"
          tabindex="0"
        >
          
          
          <span
            class="d-none d-md-inline-block"
          >
            11
          </span>
          
      
          <span
            class="d-inline-block d-md-none"
          >
            Page 11 of 55
          </span>
          
      
        </div>
        

          
      </li>
      
                                
                                
          
          
          
      <li
        class="page-item pager__item d-none d-md-inline-block"
      >
        
                                                  

  

  



    






        <a
          aria-hidden="false"
          class="page-link"
          href="/example.html"
        >
          12
        </a>
        

          
      </li>
      
                                
                                
          
          
          
      <li
        class="page-item pager__item d-none d-md-inline-block"
      >
        
                        

        

  



  
        <div
          class="page-link"
        >
          
          
          <span
            class="d-inline-block"
          >
                  
            <span
              aria-hidden="true"
            >
               … 
            </span>
            
    
          </span>
          
      
        </div>
        

          
      </li>
      
                                
                                
          
          
          
      <li
        class="page-item pager__item d-none d-md-inline-block"
      >
        
                                                  

  





    






        <a
          aria-hidden="false"
          aria-label="Last page"
          class="page-link"
          href="/example.html"
        >
          55
        </a>
        

          
      </li>
      
                                
                                
          
          
          
      <li
        class="page-item pager__item pager__item--next d-inline-block"
      >
        
                                                  

  
  




    


  



        <a
          aria-hidden="false"
          aria-label="Next page"
          class="page-link"
          href="/example.html"
        >
          



  


          <svg
            class="bi icon--fluid"
          >
            
  
            <use
              xlink:href="/icons.svg#chevron-right"
            />
            

          </svg>
          


        </a>
        

          
      </li>
      
                    
    </ul>
    

  </nav>
</jest>
`;

exports[`OE - Pagination without icon path renders correctly 1`] = `
<jest>
  <nav
    class="pager pagination-v2"
  >
    
  
    <ul
      class="pagination pager__items js-pager__items d-flex flex-row justify-content-between justify-content-md-center"
    >
      
                            
                                
          
          
          
      <li
        class="page-item pager__item pager__item--prev d-inline-block"
      >
        
                                                  

  
  




    


  



        <a
          aria-hidden="false"
          aria-label="Previous page"
          class="page-link"
          href="/example.html"
        >
          



  


          <svg
            class="bi icon--fluid"
          >
            
  
            <use
              xlink:href="#chevron-left"
            />
            

          </svg>
          


        </a>
        

          
      </li>
      
                                
                                
          
          
          
      <li
        class="page-item pager__item d-none d-md-inline-block"
      >
        
                                                  

  





    






        <a
          aria-hidden="false"
          aria-label="First page"
          class="page-link"
          href="/example.html"
        >
          1
        </a>
        

          
      </li>
      
                                
                                
          
          
          
      <li
        class="page-item pager__item d-none d-md-inline-block"
      >
        
                        

        

  



  
        <div
          class="page-link"
        >
          
          
          <span
            class="d-inline-block"
          >
                  
            <span
              aria-hidden="true"
            >
               … 
            </span>
            
    
          </span>
          
      
        </div>
        

          
      </li>
      
                                
                                
          
          
          
      <li
        class="page-item pager__item d-none d-md-inline-block"
      >
        
                                                  

  

  



    






        <a
          aria-hidden="false"
          class="page-link"
          href="/example.html"
        >
          10
        </a>
        

          
      </li>
      
                                
          
          
                                
          
      <li
        class="page-item pager__item active d-inline-block"
      >
        
                                                  

  

  

    

  
        <div
          aria-current="page"
          class="page-link"
          tabindex="0"
        >
          
          
          <span
            class="d-none d-md-inline-block"
          >
            11
          </span>
          
      
          <span
            class="d-inline-block d-md-none"
          >
            Page 11 of 55
          </span>
          
      
        </div>
        

          
      </li>
      
                                
                                
          
          
          
      <li
        class="page-item pager__item d-none d-md-inline-block"
      >
        
                                                  

  

  



    






        <a
          aria-hidden="false"
          class="page-link"
          href="/example.html"
        >
          12
        </a>
        

          
      </li>
      
                                
                                
          
          
          
      <li
        class="page-item pager__item d-none d-md-inline-block"
      >
        
                        

        

  



  
        <div
          class="page-link"
        >
          
          
          <span
            class="d-inline-block"
          >
                  
            <span
              aria-hidden="true"
            >
               … 
            </span>
            
    
          </span>
          
      
        </div>
        

          
      </li>
      
                                
                                
          
          
          
      <li
        class="page-item pager__item d-none d-md-inline-block"
      >
        
                                                  

  





    






        <a
          aria-hidden="false"
          aria-label="Last page"
          class="page-link"
          href="/example.html"
        >
          55
        </a>
        

          
      </li>
      
                                
                                
          
          
          
      <li
        class="page-item pager__item pager__item--next d-inline-block"
      >
        
                                                  

  
  




    


  



        <a
          aria-hidden="false"
          aria-label="Next page"
          class="page-link"
          href="/example.html"
        >
          



  


          <svg
            class="bi icon--fluid"
          >
            
  
            <use
              xlink:href="#chevron-right"
            />
            

          </svg>
          


        </a>
        

          
      </li>
      
                    
    </ul>
    

  </nav>
</jest>
`;
