// Jest Snapshot v1, https://goo.gl/fbAQLP

exports[`OE - Media object renders correctly 1`] = `
<jest>
  <div
    class="align-items-center mb-3 d-flex"
  >
    <div
      class="flex-shrink-0"
    >
      <img
        alt="Stefan Mayer"
        class="rounded-pill"
        src="https://picsum.photos/50/50?random=1"
      />
    </div>
    <div
      class="flex-grow-1 ms-3"
    >
      <a
        class="fs-5 text-decoration-none d-block mb-0"
        href="example.html"
      >
        Stefan Mayer
      </a>
      <span
        class="text-muted me-4-5"
      >
        DG Test
      </span>
      <span
        class="text-muted me-4-5"
      >
        Manager
      </span>
    </div>
  </div>
</jest>
`;
