// Jest Snapshot v1, https://goo.gl/fbAQLP

exports[`OE - Table renders correctly 1`] = `
<jest>
  <table
    class="table"
  >
    <caption>
      List of users
    </caption>
    <thead>
      <tr>
        <td>
          ID
        </td>
        <td>
          Name
        </td>
        <td>
          Description
        </td>
        <td>
          Position
        </td>
        <td>
          Start Date
        </td>
        <td>
          End Date
        </td>
        <td>
          Age
        </td>
        <td>
          Email
        </td>
        <td>
          Seniority
        </td>
        <td>
          Experience
        </td>
        <td>
          Company
        </td>
      </tr>
    </thead>
    <tbody>
      <tr>
        <td>
          1
        </td>
        <td>
          <p
            class="text-nowrap"
          >
            Name 1
          </p>
        </td>
        <td>
          <p
            class="text-nowrap"
          >
            Description 1
          </p>
        </td>
        <td>
          <p
            class="text-nowrap"
          >
            Position 1
          </p>
        </td>
        <td>
          01.01.2022
        </td>
        <td>
          01.01.2023
        </td>
        <td>
          35 years
        </td>
        <td>
          lorem.ipsum@lorem.com
        </td>
        <td>
          Senior
        </td>
        <td>
          5 years
        </td>
        <td>
          Company 1
        </td>
      </tr>
      <tr
        class="table-active table-primary"
      >
        <td>
          2
        </td>
        <td>
          <p
            class="text-nowrap"
          >
            Name 2
          </p>
        </td>
        <td>
          <p
            class="text-nowrap"
          >
            Description 2
          </p>
        </td>
        <td>
          <p
            class="text-nowrap"
          >
            Position 2
          </p>
        </td>
        <td>
          01.01.2022
        </td>
        <td>
          01.01.2023
        </td>
        <td>
          35 years
        </td>
        <td>
          lorem.ipsum@lorem.com
        </td>
        <td>
          Senior
        </td>
        <td>
          5 years
        </td>
        <td>
          Company 1
        </td>
      </tr>
      <tr
        class="table-secondary"
      >
        <td>
          3
        </td>
        <td>
          <p
            class="text-nowrap"
          >
            Name 3
          </p>
        </td>
        <td>
          <p
            class="text-nowrap"
          >
            Description 3
          </p>
        </td>
        <td>
          <p
            class="text-nowrap"
          >
            Position 3
          </p>
        </td>
        <td>
          01.01.2022
        </td>
        <td>
          01.01.2023
        </td>
        <td>
          35 years
        </td>
        <td>
          lorem.ipsum@lorem.com
        </td>
        <td>
          Senior
        </td>
        <td>
          5 years
        </td>
        <td>
          Company 1
        </td>
      </tr>
    </tbody>
    <tfoot>
      <tr>
        <td>
          ID
        </td>
        <td>
          Name
        </td>
        <td>
          Description
        </td>
        <td>
          Position
        </td>
        <td>
          Start Date
        </td>
        <td>
          End Date
        </td>
        <td>
          Age
        </td>
        <td>
          Email
        </td>
        <td>
          Seniority
        </td>
        <td>
          Experience
        </td>
        <td>
          Company
        </td>
      </tr>
    </tfoot>
  </table>
</jest>
`;

exports[`OE - Table renders correctly small 1`] = `
<jest>
  <table
    class="table table-sm"
  >
    <caption>
      List of users
    </caption>
    <thead>
      <tr>
        <td>
          ID
        </td>
        <td>
          Name
        </td>
        <td>
          Description
        </td>
        <td>
          Position
        </td>
        <td>
          Start Date
        </td>
        <td>
          End Date
        </td>
        <td>
          Age
        </td>
        <td>
          Email
        </td>
        <td>
          Seniority
        </td>
        <td>
          Experience
        </td>
        <td>
          Company
        </td>
      </tr>
    </thead>
    <tbody>
      <tr>
        <td>
          1
        </td>
        <td>
          <p
            class="text-nowrap"
          >
            Name 1
          </p>
        </td>
        <td>
          <p
            class="text-nowrap"
          >
            Description 1
          </p>
        </td>
        <td>
          <p
            class="text-nowrap"
          >
            Position 1
          </p>
        </td>
        <td>
          01.01.2022
        </td>
        <td>
          01.01.2023
        </td>
        <td>
          35 years
        </td>
        <td>
          lorem.ipsum@lorem.com
        </td>
        <td>
          Senior
        </td>
        <td>
          5 years
        </td>
        <td>
          Company 1
        </td>
      </tr>
      <tr
        class="table-active table-primary"
      >
        <td>
          2
        </td>
        <td>
          <p
            class="text-nowrap"
          >
            Name 2
          </p>
        </td>
        <td>
          <p
            class="text-nowrap"
          >
            Description 2
          </p>
        </td>
        <td>
          <p
            class="text-nowrap"
          >
            Position 2
          </p>
        </td>
        <td>
          01.01.2022
        </td>
        <td>
          01.01.2023
        </td>
        <td>
          35 years
        </td>
        <td>
          lorem.ipsum@lorem.com
        </td>
        <td>
          Senior
        </td>
        <td>
          5 years
        </td>
        <td>
          Company 1
        </td>
      </tr>
      <tr
        class="table-secondary"
      >
        <td>
          3
        </td>
        <td>
          <p
            class="text-nowrap"
          >
            Name 3
          </p>
        </td>
        <td>
          <p
            class="text-nowrap"
          >
            Description 3
          </p>
        </td>
        <td>
          <p
            class="text-nowrap"
          >
            Position 3
          </p>
        </td>
        <td>
          01.01.2022
        </td>
        <td>
          01.01.2023
        </td>
        <td>
          35 years
        </td>
        <td>
          lorem.ipsum@lorem.com
        </td>
        <td>
          Senior
        </td>
        <td>
          5 years
        </td>
        <td>
          Company 1
        </td>
      </tr>
    </tbody>
    <tfoot>
      <tr>
        <td>
          ID
        </td>
        <td>
          Name
        </td>
        <td>
          Description
        </td>
        <td>
          Position
        </td>
        <td>
          Start Date
        </td>
        <td>
          End Date
        </td>
        <td>
          Age
        </td>
        <td>
          Email
        </td>
        <td>
          Seniority
        </td>
        <td>
          Experience
        </td>
        <td>
          Company
        </td>
      </tr>
    </tfoot>
  </table>
</jest>
`;

exports[`OE - Table renders correctly with bordered danger variant 1`] = `
<jest>
  <table
    class="table table-bordered border-danger"
  >
    <caption>
      List of users
    </caption>
    <thead>
      <tr>
        <td>
          ID
        </td>
        <td>
          Name
        </td>
        <td>
          Description
        </td>
        <td>
          Position
        </td>
        <td>
          Start Date
        </td>
        <td>
          End Date
        </td>
        <td>
          Age
        </td>
        <td>
          Email
        </td>
        <td>
          Seniority
        </td>
        <td>
          Experience
        </td>
        <td>
          Company
        </td>
      </tr>
    </thead>
    <tbody>
      <tr>
        <td>
          1
        </td>
        <td>
          <p
            class="text-nowrap"
          >
            Name 1
          </p>
        </td>
        <td>
          <p
            class="text-nowrap"
          >
            Description 1
          </p>
        </td>
        <td>
          <p
            class="text-nowrap"
          >
            Position 1
          </p>
        </td>
        <td>
          01.01.2022
        </td>
        <td>
          01.01.2023
        </td>
        <td>
          35 years
        </td>
        <td>
          lorem.ipsum@lorem.com
        </td>
        <td>
          Senior
        </td>
        <td>
          5 years
        </td>
        <td>
          Company 1
        </td>
      </tr>
      <tr
        class="table-active table-primary"
      >
        <td>
          2
        </td>
        <td>
          <p
            class="text-nowrap"
          >
            Name 2
          </p>
        </td>
        <td>
          <p
            class="text-nowrap"
          >
            Description 2
          </p>
        </td>
        <td>
          <p
            class="text-nowrap"
          >
            Position 2
          </p>
        </td>
        <td>
          01.01.2022
        </td>
        <td>
          01.01.2023
        </td>
        <td>
          35 years
        </td>
        <td>
          lorem.ipsum@lorem.com
        </td>
        <td>
          Senior
        </td>
        <td>
          5 years
        </td>
        <td>
          Company 1
        </td>
      </tr>
      <tr
        class="table-secondary"
      >
        <td>
          3
        </td>
        <td>
          <p
            class="text-nowrap"
          >
            Name 3
          </p>
        </td>
        <td>
          <p
            class="text-nowrap"
          >
            Description 3
          </p>
        </td>
        <td>
          <p
            class="text-nowrap"
          >
            Position 3
          </p>
        </td>
        <td>
          01.01.2022
        </td>
        <td>
          01.01.2023
        </td>
        <td>
          35 years
        </td>
        <td>
          lorem.ipsum@lorem.com
        </td>
        <td>
          Senior
        </td>
        <td>
          5 years
        </td>
        <td>
          Company 1
        </td>
      </tr>
    </tbody>
    <tfoot>
      <tr>
        <td>
          ID
        </td>
        <td>
          Name
        </td>
        <td>
          Description
        </td>
        <td>
          Position
        </td>
        <td>
          Start Date
        </td>
        <td>
          End Date
        </td>
        <td>
          Age
        </td>
        <td>
          Email
        </td>
        <td>
          Seniority
        </td>
        <td>
          Experience
        </td>
        <td>
          Company
        </td>
      </tr>
    </tfoot>
  </table>
</jest>
`;

exports[`OE - Table renders correctly with borderless style 1`] = `
<jest>
  <table
    class="table table-borderless"
  >
    <caption>
      List of users
    </caption>
    <thead>
      <tr>
        <td>
          ID
        </td>
        <td>
          Name
        </td>
        <td>
          Description
        </td>
        <td>
          Position
        </td>
        <td>
          Start Date
        </td>
        <td>
          End Date
        </td>
        <td>
          Age
        </td>
        <td>
          Email
        </td>
        <td>
          Seniority
        </td>
        <td>
          Experience
        </td>
        <td>
          Company
        </td>
      </tr>
    </thead>
    <tbody>
      <tr>
        <td>
          1
        </td>
        <td>
          <p
            class="text-nowrap"
          >
            Name 1
          </p>
        </td>
        <td>
          <p
            class="text-nowrap"
          >
            Description 1
          </p>
        </td>
        <td>
          <p
            class="text-nowrap"
          >
            Position 1
          </p>
        </td>
        <td>
          01.01.2022
        </td>
        <td>
          01.01.2023
        </td>
        <td>
          35 years
        </td>
        <td>
          lorem.ipsum@lorem.com
        </td>
        <td>
          Senior
        </td>
        <td>
          5 years
        </td>
        <td>
          Company 1
        </td>
      </tr>
      <tr
        class="table-active table-primary"
      >
        <td>
          2
        </td>
        <td>
          <p
            class="text-nowrap"
          >
            Name 2
          </p>
        </td>
        <td>
          <p
            class="text-nowrap"
          >
            Description 2
          </p>
        </td>
        <td>
          <p
            class="text-nowrap"
          >
            Position 2
          </p>
        </td>
        <td>
          01.01.2022
        </td>
        <td>
          01.01.2023
        </td>
        <td>
          35 years
        </td>
        <td>
          lorem.ipsum@lorem.com
        </td>
        <td>
          Senior
        </td>
        <td>
          5 years
        </td>
        <td>
          Company 1
        </td>
      </tr>
      <tr
        class="table-secondary"
      >
        <td>
          3
        </td>
        <td>
          <p
            class="text-nowrap"
          >
            Name 3
          </p>
        </td>
        <td>
          <p
            class="text-nowrap"
          >
            Description 3
          </p>
        </td>
        <td>
          <p
            class="text-nowrap"
          >
            Position 3
          </p>
        </td>
        <td>
          01.01.2022
        </td>
        <td>
          01.01.2023
        </td>
        <td>
          35 years
        </td>
        <td>
          lorem.ipsum@lorem.com
        </td>
        <td>
          Senior
        </td>
        <td>
          5 years
        </td>
        <td>
          Company 1
        </td>
      </tr>
    </tbody>
    <tfoot>
      <tr>
        <td>
          ID
        </td>
        <td>
          Name
        </td>
        <td>
          Description
        </td>
        <td>
          Position
        </td>
        <td>
          Start Date
        </td>
        <td>
          End Date
        </td>
        <td>
          Age
        </td>
        <td>
          Email
        </td>
        <td>
          Seniority
        </td>
        <td>
          Experience
        </td>
        <td>
          Company
        </td>
      </tr>
    </tfoot>
  </table>
</jest>
`;

exports[`OE - Table renders correctly with caption positioned top 1`] = `
<jest>
  <table
    class="table"
  >
    <caption
      class="caption-top"
    >
      List of users
    </caption>
    <thead>
      <tr>
        <td>
          ID
        </td>
        <td>
          Name
        </td>
        <td>
          Description
        </td>
        <td>
          Position
        </td>
        <td>
          Start Date
        </td>
        <td>
          End Date
        </td>
        <td>
          Age
        </td>
        <td>
          Email
        </td>
        <td>
          Seniority
        </td>
        <td>
          Experience
        </td>
        <td>
          Company
        </td>
      </tr>
    </thead>
    <tbody>
      <tr>
        <td>
          1
        </td>
        <td>
          <p
            class="text-nowrap"
          >
            Name 1
          </p>
        </td>
        <td>
          <p
            class="text-nowrap"
          >
            Description 1
          </p>
        </td>
        <td>
          <p
            class="text-nowrap"
          >
            Position 1
          </p>
        </td>
        <td>
          01.01.2022
        </td>
        <td>
          01.01.2023
        </td>
        <td>
          35 years
        </td>
        <td>
          lorem.ipsum@lorem.com
        </td>
        <td>
          Senior
        </td>
        <td>
          5 years
        </td>
        <td>
          Company 1
        </td>
      </tr>
      <tr
        class="table-active table-primary"
      >
        <td>
          2
        </td>
        <td>
          <p
            class="text-nowrap"
          >
            Name 2
          </p>
        </td>
        <td>
          <p
            class="text-nowrap"
          >
            Description 2
          </p>
        </td>
        <td>
          <p
            class="text-nowrap"
          >
            Position 2
          </p>
        </td>
        <td>
          01.01.2022
        </td>
        <td>
          01.01.2023
        </td>
        <td>
          35 years
        </td>
        <td>
          lorem.ipsum@lorem.com
        </td>
        <td>
          Senior
        </td>
        <td>
          5 years
        </td>
        <td>
          Company 1
        </td>
      </tr>
      <tr
        class="table-secondary"
      >
        <td>
          3
        </td>
        <td>
          <p
            class="text-nowrap"
          >
            Name 3
          </p>
        </td>
        <td>
          <p
            class="text-nowrap"
          >
            Description 3
          </p>
        </td>
        <td>
          <p
            class="text-nowrap"
          >
            Position 3
          </p>
        </td>
        <td>
          01.01.2022
        </td>
        <td>
          01.01.2023
        </td>
        <td>
          35 years
        </td>
        <td>
          lorem.ipsum@lorem.com
        </td>
        <td>
          Senior
        </td>
        <td>
          5 years
        </td>
        <td>
          Company 1
        </td>
      </tr>
    </tbody>
    <tfoot>
      <tr>
        <td>
          ID
        </td>
        <td>
          Name
        </td>
        <td>
          Description
        </td>
        <td>
          Position
        </td>
        <td>
          Start Date
        </td>
        <td>
          End Date
        </td>
        <td>
          Age
        </td>
        <td>
          Email
        </td>
        <td>
          Seniority
        </td>
        <td>
          Experience
        </td>
        <td>
          Company
        </td>
      </tr>
    </tfoot>
  </table>
</jest>
`;

exports[`OE - Table renders correctly with hoverable rows 1`] = `
<jest>
  <table
    class="table table-hover"
  >
    <caption>
      List of users
    </caption>
    <thead>
      <tr>
        <td>
          ID
        </td>
        <td>
          Name
        </td>
        <td>
          Description
        </td>
        <td>
          Position
        </td>
        <td>
          Start Date
        </td>
        <td>
          End Date
        </td>
        <td>
          Age
        </td>
        <td>
          Email
        </td>
        <td>
          Seniority
        </td>
        <td>
          Experience
        </td>
        <td>
          Company
        </td>
      </tr>
    </thead>
    <tbody>
      <tr>
        <td>
          1
        </td>
        <td>
          <p
            class="text-nowrap"
          >
            Name 1
          </p>
        </td>
        <td>
          <p
            class="text-nowrap"
          >
            Description 1
          </p>
        </td>
        <td>
          <p
            class="text-nowrap"
          >
            Position 1
          </p>
        </td>
        <td>
          01.01.2022
        </td>
        <td>
          01.01.2023
        </td>
        <td>
          35 years
        </td>
        <td>
          lorem.ipsum@lorem.com
        </td>
        <td>
          Senior
        </td>
        <td>
          5 years
        </td>
        <td>
          Company 1
        </td>
      </tr>
      <tr
        class="table-active table-primary"
      >
        <td>
          2
        </td>
        <td>
          <p
            class="text-nowrap"
          >
            Name 2
          </p>
        </td>
        <td>
          <p
            class="text-nowrap"
          >
            Description 2
          </p>
        </td>
        <td>
          <p
            class="text-nowrap"
          >
            Position 2
          </p>
        </td>
        <td>
          01.01.2022
        </td>
        <td>
          01.01.2023
        </td>
        <td>
          35 years
        </td>
        <td>
          lorem.ipsum@lorem.com
        </td>
        <td>
          Senior
        </td>
        <td>
          5 years
        </td>
        <td>
          Company 1
        </td>
      </tr>
      <tr
        class="table-secondary"
      >
        <td>
          3
        </td>
        <td>
          <p
            class="text-nowrap"
          >
            Name 3
          </p>
        </td>
        <td>
          <p
            class="text-nowrap"
          >
            Description 3
          </p>
        </td>
        <td>
          <p
            class="text-nowrap"
          >
            Position 3
          </p>
        </td>
        <td>
          01.01.2022
        </td>
        <td>
          01.01.2023
        </td>
        <td>
          35 years
        </td>
        <td>
          lorem.ipsum@lorem.com
        </td>
        <td>
          Senior
        </td>
        <td>
          5 years
        </td>
        <td>
          Company 1
        </td>
      </tr>
    </tbody>
    <tfoot>
      <tr>
        <td>
          ID
        </td>
        <td>
          Name
        </td>
        <td>
          Description
        </td>
        <td>
          Position
        </td>
        <td>
          Start Date
        </td>
        <td>
          End Date
        </td>
        <td>
          Age
        </td>
        <td>
          Email
        </td>
        <td>
          Seniority
        </td>
        <td>
          Experience
        </td>
        <td>
          Company
        </td>
      </tr>
    </tfoot>
  </table>
</jest>
`;

exports[`OE - Table renders correctly with responsive style 1`] = `
<jest>
  <div
    class="table-responsive-sm"
  >
    <table
      class="table"
    >
      <caption>
        List of users
      </caption>
      <thead>
        <tr>
          <td>
            ID
          </td>
          <td>
            Name
          </td>
          <td>
            Description
          </td>
          <td>
            Position
          </td>
          <td>
            Start Date
          </td>
          <td>
            End Date
          </td>
          <td>
            Age
          </td>
          <td>
            Email
          </td>
          <td>
            Seniority
          </td>
          <td>
            Experience
          </td>
          <td>
            Company
          </td>
        </tr>
      </thead>
      <tbody>
        <tr>
          <td>
            1
          </td>
          <td>
            <p
              class="text-nowrap"
            >
              Name 1
            </p>
          </td>
          <td>
            <p
              class="text-nowrap"
            >
              Description 1
            </p>
          </td>
          <td>
            <p
              class="text-nowrap"
            >
              Position 1
            </p>
          </td>
          <td>
            01.01.2022
          </td>
          <td>
            01.01.2023
          </td>
          <td>
            35 years
          </td>
          <td>
            lorem.ipsum@lorem.com
          </td>
          <td>
            Senior
          </td>
          <td>
            5 years
          </td>
          <td>
            Company 1
          </td>
        </tr>
        <tr
          class="table-active table-primary"
        >
          <td>
            2
          </td>
          <td>
            <p
              class="text-nowrap"
            >
              Name 2
            </p>
          </td>
          <td>
            <p
              class="text-nowrap"
            >
              Description 2
            </p>
          </td>
          <td>
            <p
              class="text-nowrap"
            >
              Position 2
            </p>
          </td>
          <td>
            01.01.2022
          </td>
          <td>
            01.01.2023
          </td>
          <td>
            35 years
          </td>
          <td>
            lorem.ipsum@lorem.com
          </td>
          <td>
            Senior
          </td>
          <td>
            5 years
          </td>
          <td>
            Company 1
          </td>
        </tr>
        <tr
          class="table-secondary"
        >
          <td>
            3
          </td>
          <td>
            <p
              class="text-nowrap"
            >
              Name 3
            </p>
          </td>
          <td>
            <p
              class="text-nowrap"
            >
              Description 3
            </p>
          </td>
          <td>
            <p
              class="text-nowrap"
            >
              Position 3
            </p>
          </td>
          <td>
            01.01.2022
          </td>
          <td>
            01.01.2023
          </td>
          <td>
            35 years
          </td>
          <td>
            lorem.ipsum@lorem.com
          </td>
          <td>
            Senior
          </td>
          <td>
            5 years
          </td>
          <td>
            Company 1
          </td>
        </tr>
      </tbody>
      <tfoot>
        <tr>
          <td>
            ID
          </td>
          <td>
            Name
          </td>
          <td>
            Description
          </td>
          <td>
            Position
          </td>
          <td>
            Start Date
          </td>
          <td>
            End Date
          </td>
          <td>
            Age
          </td>
          <td>
            Email
          </td>
          <td>
            Seniority
          </td>
          <td>
            Experience
          </td>
          <td>
            Company
          </td>
        </tr>
      </tfoot>
    </table>
  </div>
</jest>
`;

exports[`OE - Table renders correctly with striped rows 1`] = `
<jest>
  <table
    class="table table-striped"
  >
    <caption>
      List of users
    </caption>
    <thead>
      <tr>
        <td>
          ID
        </td>
        <td>
          Name
        </td>
        <td>
          Description
        </td>
        <td>
          Position
        </td>
        <td>
          Start Date
        </td>
        <td>
          End Date
        </td>
        <td>
          Age
        </td>
        <td>
          Email
        </td>
        <td>
          Seniority
        </td>
        <td>
          Experience
        </td>
        <td>
          Company
        </td>
      </tr>
    </thead>
    <tbody>
      <tr>
        <td>
          1
        </td>
        <td>
          <p
            class="text-nowrap"
          >
            Name 1
          </p>
        </td>
        <td>
          <p
            class="text-nowrap"
          >
            Description 1
          </p>
        </td>
        <td>
          <p
            class="text-nowrap"
          >
            Position 1
          </p>
        </td>
        <td>
          01.01.2022
        </td>
        <td>
          01.01.2023
        </td>
        <td>
          35 years
        </td>
        <td>
          lorem.ipsum@lorem.com
        </td>
        <td>
          Senior
        </td>
        <td>
          5 years
        </td>
        <td>
          Company 1
        </td>
      </tr>
      <tr
        class="table-active table-primary"
      >
        <td>
          2
        </td>
        <td>
          <p
            class="text-nowrap"
          >
            Name 2
          </p>
        </td>
        <td>
          <p
            class="text-nowrap"
          >
            Description 2
          </p>
        </td>
        <td>
          <p
            class="text-nowrap"
          >
            Position 2
          </p>
        </td>
        <td>
          01.01.2022
        </td>
        <td>
          01.01.2023
        </td>
        <td>
          35 years
        </td>
        <td>
          lorem.ipsum@lorem.com
        </td>
        <td>
          Senior
        </td>
        <td>
          5 years
        </td>
        <td>
          Company 1
        </td>
      </tr>
      <tr
        class="table-secondary"
      >
        <td>
          3
        </td>
        <td>
          <p
            class="text-nowrap"
          >
            Name 3
          </p>
        </td>
        <td>
          <p
            class="text-nowrap"
          >
            Description 3
          </p>
        </td>
        <td>
          <p
            class="text-nowrap"
          >
            Position 3
          </p>
        </td>
        <td>
          01.01.2022
        </td>
        <td>
          01.01.2023
        </td>
        <td>
          35 years
        </td>
        <td>
          lorem.ipsum@lorem.com
        </td>
        <td>
          Senior
        </td>
        <td>
          5 years
        </td>
        <td>
          Company 1
        </td>
      </tr>
    </tbody>
    <tfoot>
      <tr>
        <td>
          ID
        </td>
        <td>
          Name
        </td>
        <td>
          Description
        </td>
        <td>
          Position
        </td>
        <td>
          Start Date
        </td>
        <td>
          End Date
        </td>
        <td>
          Age
        </td>
        <td>
          Email
        </td>
        <td>
          Seniority
        </td>
        <td>
          Experience
        </td>
        <td>
          Company
        </td>
      </tr>
    </tfoot>
  </table>
</jest>
`;

exports[`OE - Table renders correctly with variant danger 1`] = `
<jest>
  <table
    class="table table-danger"
  >
    <caption>
      List of users
    </caption>
    <thead>
      <tr>
        <td>
          ID
        </td>
        <td>
          Name
        </td>
        <td>
          Description
        </td>
        <td>
          Position
        </td>
        <td>
          Start Date
        </td>
        <td>
          End Date
        </td>
        <td>
          Age
        </td>
        <td>
          Email
        </td>
        <td>
          Seniority
        </td>
        <td>
          Experience
        </td>
        <td>
          Company
        </td>
      </tr>
    </thead>
    <tbody>
      <tr>
        <td>
          1
        </td>
        <td>
          <p
            class="text-nowrap"
          >
            Name 1
          </p>
        </td>
        <td>
          <p
            class="text-nowrap"
          >
            Description 1
          </p>
        </td>
        <td>
          <p
            class="text-nowrap"
          >
            Position 1
          </p>
        </td>
        <td>
          01.01.2022
        </td>
        <td>
          01.01.2023
        </td>
        <td>
          35 years
        </td>
        <td>
          lorem.ipsum@lorem.com
        </td>
        <td>
          Senior
        </td>
        <td>
          5 years
        </td>
        <td>
          Company 1
        </td>
      </tr>
      <tr
        class="table-active table-primary"
      >
        <td>
          2
        </td>
        <td>
          <p
            class="text-nowrap"
          >
            Name 2
          </p>
        </td>
        <td>
          <p
            class="text-nowrap"
          >
            Description 2
          </p>
        </td>
        <td>
          <p
            class="text-nowrap"
          >
            Position 2
          </p>
        </td>
        <td>
          01.01.2022
        </td>
        <td>
          01.01.2023
        </td>
        <td>
          35 years
        </td>
        <td>
          lorem.ipsum@lorem.com
        </td>
        <td>
          Senior
        </td>
        <td>
          5 years
        </td>
        <td>
          Company 1
        </td>
      </tr>
      <tr
        class="table-secondary"
      >
        <td>
          3
        </td>
        <td>
          <p
            class="text-nowrap"
          >
            Name 3
          </p>
        </td>
        <td>
          <p
            class="text-nowrap"
          >
            Description 3
          </p>
        </td>
        <td>
          <p
            class="text-nowrap"
          >
            Position 3
          </p>
        </td>
        <td>
          01.01.2022
        </td>
        <td>
          01.01.2023
        </td>
        <td>
          35 years
        </td>
        <td>
          lorem.ipsum@lorem.com
        </td>
        <td>
          Senior
        </td>
        <td>
          5 years
        </td>
        <td>
          Company 1
        </td>
      </tr>
    </tbody>
    <tfoot>
      <tr>
        <td>
          ID
        </td>
        <td>
          Name
        </td>
        <td>
          Description
        </td>
        <td>
          Position
        </td>
        <td>
          Start Date
        </td>
        <td>
          End Date
        </td>
        <td>
          Age
        </td>
        <td>
          Email
        </td>
        <td>
          Seniority
        </td>
        <td>
          Experience
        </td>
        <td>
          Company
        </td>
      </tr>
    </tfoot>
  </table>
</jest>
`;
