// Jest Snapshot v1, https://goo.gl/fbAQLP

exports[`OE - Mega Menu renders correctly 1`] = `
<jest>
  <div
    aria-labelledby="dropdown-megamenu"
    class="bcl-mega-menu"
  >
    <button
      aria-expanded="false"
      autocomplete="off"
      class="dropdown-toggle btn btn-primary btn-md"
      data-bs-auto-close="outside"
      data-bs-toggle="dropdown"
      id="dropdown-megamenu"
      type="button"
    >
      A link with dropdown
    </button>
    <div
      aria-labelledby="dropdown-megamenu"
      class="mega-menu-container dropdown-menu"
    >
      <button
        class="back-button btn btn-link btn-md"
        type="button"
      >
        <svg
          class="me-2-5 bi icon--fluid"
        >
          <use
            xlink:href="#arrow-left"
          />
        </svg>
        Back
      </button>
      <div
        class="row position-relative"
      >
        <div
          class="col-12 col-lg-4"
        >
          <div
            class="content-block py-3"
          >
            <h4>
              Mega Menu Content Title
            </h4>
            <p>
              Description text, lorem ipsum dolor sit amet, consectetur adipiscing elit.
            </p>
          </div>
        </div>
        <div
          class="col-12 col-lg-8"
        >
          <div
            class="navigation-items"
          >
            <div
              class="dropdown dropend"
            >
              <a
                aria-expanded="false"
                class="dropdown-toggle"
                data-bs-auto-close="outside"
                data-bs-toggle="dropdown"
                href="/example.html"
                id="dropdown-megamenu-inner"
                role="button"
              >
                A link with dropdown
              </a>
              <ul
                aria-labelledby="dropdown-megamenu-inner"
                class="dropdown-menu"
              >
                <li>
                  <a
                    class="dropdown-item"
                    href="/example.html"
                  >
                    I'm a link
                  </a>
                </li>
                <li>
                  <button
                    class="dropdown-item"
                    type="button"
                  >
                    I'm a button
                  </button>
                </li>
              </ul>
            </div>
            <a
              href="/example.html"
            >
              A simple link!
            </a>
            <div
              class="dropdown dropend"
            >
              <a
                aria-expanded="false"
                class="dropdown-toggle"
                data-bs-auto-close="outside"
                data-bs-toggle="dropdown"
                href="/example.html"
                id="dropdown-megamenu-inner-2"
                role="button"
              >
                A link with dropdown and column
              </a>
              <ul
                aria-labelledby="dropdown-megamenu-inner-2"
                class="dropdown-menu"
              >
                <li>
                  <a
                    class="dropdown-item"
                    href="/example.html"
                  >
                    I'm a link
                  </a>
                </li>
                <li>
                  <a
                    class="dropdown-item"
                    href="/example.html"
                  >
                    I'm a link
                  </a>
                </li>
                <li>
                  <a
                    class="dropdown-item"
                    href="/example.html"
                  >
                    I'm a link
                  </a>
                </li>
                <li>
                  <a
                    class="dropdown-item"
                    href="/example.html"
                  >
                    I'm a link
                  </a>
                </li>
                <li>
                  <a
                    class="dropdown-item"
                    href="/example.html"
                  >
                    I'm a link
                  </a>
                </li>
                <li>
                  <a
                    class="dropdown-item"
                    href="/example.html"
                  >
                    I'm a link
                  </a>
                </li>
                <li>
                  <a
                    class="dropdown-item"
                    href="/example.html"
                  >
                    I'm a link
                  </a>
                </li>
                <li>
                  <a
                    class="dropdown-item"
                    href="/example.html"
                  >
                    I'm a link
                  </a>
                </li>
                <li>
                  <button
                    class="dropdown-item"
                    type="button"
                  >
                    I'm a button
                  </button>
                </li>
                <li>
                  <button
                    aria-disabled="true"
                    class="dropdown-item"
                    disabled="true"
                    type="button"
                  >
                    I'm a disabled button
                  </button>
                </li>
                <li>
                  <button
                    class="dropdown-item"
                    type="button"
                  >
                    I'm a active button
                  </button>
                </li>
              </ul>
            </div>
            <div
              class="collapse"
            >
              <a
                class="mb-3 d-block"
                href="#"
              >
                 Example link
              </a>
              <img
                alt="image"
                src="https://inno-ecl.s3.amazonaws.com/media/examples/example-image.jpg"
              />
            </div>
            <a
              href="/example.html"
            >
              A simple link!
            </a>
            <a
              href="/example.html"
            >
              A simple link!
            </a>
            <a
              href="/example.html"
            >
              A simple link!
            </a>
          </div>
        </div>
      </div>
    </div>
  </div>
</jest>
`;
