// Jest Snapshot v1, https://goo.gl/fbAQLP

exports[`OE - Social Media Follow renders correctly 1`] = `
<jest>
  <div
    class="bg-light px-4 py-3"
  >
    <h5
      class="fw-bold pb-3 mb-3 border-bottom"
    >
      Follow us
    </h5>
    <ul
      class="ps-0 mb-0"
    >
      <li
        class="list-unstyled  me-4-5"
      >
        <a
          class="pb-3 d-inline-block"
          href="/example.html"
        >
          Facebook
          <svg
            class="bi icon--s"
          >
            <use
              xlink:href="#facebook"
            />
          </svg>
        </a>
      </li>
      <li
        class="list-unstyled  me-4-5"
      >
        <a
          class="pb-3 d-inline-block"
          href="/example.html"
        >
          Twitter
          <svg
            class="bi icon--s"
          >
            <use
              xlink:href="#twitter"
            />
          </svg>
        </a>
      </li>
      <li
        class="list-unstyled  me-4-5"
      >
        <a
          class="pb-3 d-inline-block"
          href="/example.html"
        >
          Instagram
          <svg
            class="bi icon--s"
          >
            <use
              xlink:href="#instagram"
            />
          </svg>
        </a>
      </li>
      <li
        class="list-unstyled  me-4-5"
      >
        <a
          class="pb-3 d-inline-block"
          href="/example.html"
        >
          Github
          <svg
            class="bi icon--s"
          >
            <use
              xlink:href="#github"
            />
          </svg>
        </a>
      </li>
      <li
        class="list-unstyled  me-4-5"
      >
        <a
          class="pb-3 d-inline-block"
          href="/example.html"
        >
          Telegram
          <svg
            class="bi icon--s"
          >
            <use
              xlink:href="#telegram"
            />
          </svg>
        </a>
      </li>
      <li
        class="list-unstyled  me-4-5"
      >
        <a
          class="pb-3 d-inline-block"
          href="/example.html"
        >
          Drive
          <svg
            class="bi icon--s"
          >
            <use
              xlink:href="#google"
            />
          </svg>
        </a>
      </li>
      <li
        class="list-unstyled  me-4-5"
      >
        <a
          class="pb-3 d-inline-block"
          href="/example.html"
        >
          Twitch
          <svg
            class="bi icon--s"
          >
            <use
              xlink:href="#twitch"
            />
          </svg>
        </a>
      </li>
      <li
        class="list-unstyled  me-4-5"
      >
        <a
          class="pb-3 d-inline-block"
          href="/example.html"
        >
          Discord
          <svg
            class="bi icon--s"
          >
            <use
              xlink:href="#discord"
            />
          </svg>
        </a>
      </li>
      <li
        class="list-unstyled"
      >
        <a
          class="pb-3 d-inline-block"
          href="/example.html"
        >
          More channels...
        </a>
      </li>
    </ul>
  </div>
</jest>
`;

exports[`OE - Social Media Follow renders correctly with horizontal 1`] = `
<jest>
  <div
    class="bg-light px-4 py-3"
  >
    <h5
      class="fw-bold pb-3 mb-3 border-bottom"
    >
      Follow us
    </h5>
    <ul
      class="ps-0 mb-0"
    >
      <li
        class="list-unstyled  me-4-5"
      >
        <a
          class="pb-3 d-inline-block"
          href="/example.html"
        >
          Facebook
          <svg
            class="bi icon--s"
          >
            <use
              xlink:href="#facebook"
            />
          </svg>
        </a>
      </li>
      <li
        class="list-unstyled  me-4-5"
      >
        <a
          class="pb-3 d-inline-block"
          href="/example.html"
        >
          Twitter
          <svg
            class="bi icon--s"
          >
            <use
              xlink:href="#twitter"
            />
          </svg>
        </a>
      </li>
      <li
        class="list-unstyled  me-4-5"
      >
        <a
          class="pb-3 d-inline-block"
          href="/example.html"
        >
          Instagram
          <svg
            class="bi icon--s"
          >
            <use
              xlink:href="#instagram"
            />
          </svg>
        </a>
      </li>
      <li
        class="list-unstyled  me-4-5"
      >
        <a
          class="pb-3 d-inline-block"
          href="/example.html"
        >
          Github
          <svg
            class="bi icon--s"
          >
            <use
              xlink:href="#github"
            />
          </svg>
        </a>
      </li>
      <li
        class="list-unstyled  me-4-5"
      >
        <a
          class="pb-3 d-inline-block"
          href="/example.html"
        >
          Telegram
          <svg
            class="bi icon--s"
          >
            <use
              xlink:href="#telegram"
            />
          </svg>
        </a>
      </li>
      <li
        class="list-unstyled  me-4-5"
      >
        <a
          class="pb-3 d-inline-block"
          href="/example.html"
        >
          Drive
          <svg
            class="bi icon--s"
          >
            <use
              xlink:href="#google"
            />
          </svg>
        </a>
      </li>
      <li
        class="list-unstyled  me-4-5"
      >
        <a
          class="pb-3 d-inline-block"
          href="/example.html"
        >
          Twitch
          <svg
            class="bi icon--s"
          >
            <use
              xlink:href="#twitch"
            />
          </svg>
        </a>
      </li>
      <li
        class="list-unstyled  me-4-5"
      >
        <a
          class="pb-3 d-inline-block"
          href="/example.html"
        >
          Discord
          <svg
            class="bi icon--s"
          >
            <use
              xlink:href="#discord"
            />
          </svg>
        </a>
      </li>
      <li
        class="list-unstyled"
      >
        <a
          class="pb-3 d-inline-block"
          href="/example.html"
        >
          More channels...
        </a>
      </li>
    </ul>
  </div>
</jest>
`;

exports[`OE - Social Media Follow renders correctly with transparent background 1`] = `
<jest>
  <div
    class="bg-light px-4 py-3"
  >
    <h5
      class="fw-bold pb-3 mb-3 border-bottom"
    >
      Follow us
    </h5>
    <ul
      class="ps-0 mb-0"
    >
      <li
        class="list-unstyled  me-4-5"
      >
        <a
          class="pb-3 d-inline-block"
          href="/example.html"
        >
          Facebook
          <svg
            class="bi icon--s"
          >
            <use
              xlink:href="#facebook"
            />
          </svg>
        </a>
      </li>
      <li
        class="list-unstyled  me-4-5"
      >
        <a
          class="pb-3 d-inline-block"
          href="/example.html"
        >
          Twitter
          <svg
            class="bi icon--s"
          >
            <use
              xlink:href="#twitter"
            />
          </svg>
        </a>
      </li>
      <li
        class="list-unstyled  me-4-5"
      >
        <a
          class="pb-3 d-inline-block"
          href="/example.html"
        >
          Instagram
          <svg
            class="bi icon--s"
          >
            <use
              xlink:href="#instagram"
            />
          </svg>
        </a>
      </li>
      <li
        class="list-unstyled  me-4-5"
      >
        <a
          class="pb-3 d-inline-block"
          href="/example.html"
        >
          Github
          <svg
            class="bi icon--s"
          >
            <use
              xlink:href="#github"
            />
          </svg>
        </a>
      </li>
      <li
        class="list-unstyled  me-4-5"
      >
        <a
          class="pb-3 d-inline-block"
          href="/example.html"
        >
          Telegram
          <svg
            class="bi icon--s"
          >
            <use
              xlink:href="#telegram"
            />
          </svg>
        </a>
      </li>
      <li
        class="list-unstyled  me-4-5"
      >
        <a
          class="pb-3 d-inline-block"
          href="/example.html"
        >
          Drive
          <svg
            class="bi icon--s"
          >
            <use
              xlink:href="#google"
            />
          </svg>
        </a>
      </li>
      <li
        class="list-unstyled  me-4-5"
      >
        <a
          class="pb-3 d-inline-block"
          href="/example.html"
        >
          Twitch
          <svg
            class="bi icon--s"
          >
            <use
              xlink:href="#twitch"
            />
          </svg>
        </a>
      </li>
      <li
        class="list-unstyled  me-4-5"
      >
        <a
          class="pb-3 d-inline-block"
          href="/example.html"
        >
          Discord
          <svg
            class="bi icon--s"
          >
            <use
              xlink:href="#discord"
            />
          </svg>
        </a>
      </li>
      <li
        class="list-unstyled"
      >
        <a
          class="pb-3 d-inline-block"
          href="/example.html"
        >
          More channels...
        </a>
      </li>
    </ul>
  </div>
</jest>
`;
